Component: ARM Compiler 5.06 update 7 (build 960) Tool: armlink [4d3601]

==============================================================================

Section Cross References

    startup_stm32f407xx.o(RESET) refers to startup_stm32f407xx.o(STACK) for __initial_sp
    startup_stm32f407xx.o(RESET) refers to startup_stm32f407xx.o(.text) for Reset_Handler
    startup_stm32f407xx.o(RESET) refers to stm32f4xx_it.o(i.NMI_Handler) for NMI_Handler
    startup_stm32f407xx.o(RESET) refers to stm32f4xx_it.o(i.HardFault_Handler) for HardFault_Handler
    startup_stm32f407xx.o(RESET) refers to stm32f4xx_it.o(i.MemManage_Handler) for MemManage_Handler
    startup_stm32f407xx.o(RESET) refers to stm32f4xx_it.o(i.BusFault_Handler) for BusFault_Handler
    startup_stm32f407xx.o(RESET) refers to stm32f4xx_it.o(i.UsageFault_Handler) for UsageFault_Handler
    startup_stm32f407xx.o(RESET) refers to stm32f4xx_it.o(i.SVC_Handler) for SVC_Handler
    startup_stm32f407xx.o(RESET) refers to stm32f4xx_it.o(i.DebugMon_Handler) for DebugMon_Handler
    startup_stm32f407xx.o(RESET) refers to stm32f4xx_it.o(i.PendSV_Handler) for PendSV_Handler
    startup_stm32f407xx.o(RESET) refers to stm32f4xx_it.o(i.SysTick_Handler) for SysTick_Handler
    startup_stm32f407xx.o(RESET) refers to stm32f4xx_it.o(i.USART3_IRQHandler) for USART3_IRQHandler
    startup_stm32f407xx.o(.text) refers to system_stm32f4xx.o(i.SystemInit) for SystemInit
    startup_stm32f407xx.o(.text) refers to entry.o(.ARM.Collect$$$$00000000) for __main
    mpu6050.o(i.MPU_Get_Accelerometer) refers to mpu6050.o(i.MPU_Read_Len) for MPU_Read_Len
    mpu6050.o(i.MPU_Get_Gyroscope) refers to mpu6050.o(i.MPU_Read_Len) for MPU_Read_Len
    mpu6050.o(i.MPU_Get_Temperature) refers to mpu6050.o(i.MPU_Read_Len) for MPU_Read_Len
    mpu6050.o(i.MPU_Get_Temperature) refers to dflti.o(.text) for __aeabi_i2d
    mpu6050.o(i.MPU_Get_Temperature) refers to ddiv.o(.text) for __aeabi_ddiv
    mpu6050.o(i.MPU_Get_Temperature) refers to dadd.o(.text) for __aeabi_dadd
    mpu6050.o(i.MPU_Get_Temperature) refers to d2f.o(.text) for __aeabi_d2f
    mpu6050.o(i.MPU_Init) refers to i2c.o(i.MX_I2C1_Init) for MX_I2C1_Init
    mpu6050.o(i.MPU_Init) refers to mpu6050.o(i.MPU_Write_Byte) for MPU_Write_Byte
    mpu6050.o(i.MPU_Init) refers to stm32f4xx_hal.o(i.HAL_Delay) for HAL_Delay
    mpu6050.o(i.MPU_Init) refers to mpu6050.o(i.MPU_Set_Gyro_Fsr) for MPU_Set_Gyro_Fsr
    mpu6050.o(i.MPU_Init) refers to mpu6050.o(i.MPU_Set_Accel_Fsr) for MPU_Set_Accel_Fsr
    mpu6050.o(i.MPU_Init) refers to mpu6050.o(i.MPU_Set_Rate) for MPU_Set_Rate
    mpu6050.o(i.MPU_Init) refers to mpu6050.o(i.MPU_Read_Byte) for MPU_Read_Byte
    mpu6050.o(i.MPU_Read_Byte) refers to stm32f4xx_hal_i2c.o(i.HAL_I2C_Mem_Read) for HAL_I2C_Mem_Read
    mpu6050.o(i.MPU_Read_Byte) refers to i2c.o(.bss) for hi2c1
    mpu6050.o(i.MPU_Read_Len) refers to stm32f4xx_hal_i2c.o(i.HAL_I2C_Mem_Read) for HAL_I2C_Mem_Read
    mpu6050.o(i.MPU_Read_Len) refers to i2c.o(.bss) for hi2c1
    mpu6050.o(i.MPU_Set_Accel_Fsr) refers to mpu6050.o(i.MPU_Write_Byte) for MPU_Write_Byte
    mpu6050.o(i.MPU_Set_Gyro_Fsr) refers to mpu6050.o(i.MPU_Write_Byte) for MPU_Write_Byte
    mpu6050.o(i.MPU_Set_LPF) refers to mpu6050.o(i.MPU_Write_Byte) for MPU_Write_Byte
    mpu6050.o(i.MPU_Set_Rate) refers to mpu6050.o(i.MPU_Write_Byte) for MPU_Write_Byte
    mpu6050.o(i.MPU_Set_Rate) refers to mpu6050.o(i.MPU_Set_LPF) for MPU_Set_LPF
    mpu6050.o(i.MPU_Write_Byte) refers to stm32f4xx_hal_i2c.o(i.HAL_I2C_Mem_Write) for HAL_I2C_Mem_Write
    mpu6050.o(i.MPU_Write_Byte) refers to i2c.o(.bss) for hi2c1
    mpu6050.o(i.MPU_Write_Len) refers to stm32f4xx_hal_i2c.o(i.HAL_I2C_Mem_Write) for HAL_I2C_Mem_Write
    mpu6050.o(i.MPU_Write_Len) refers to i2c.o(.bss) for hi2c1
    inv_mpu.o(i.accel_self_test) refers to inv_mpu.o(i.get_accel_prod_shift) for get_accel_prod_shift
    inv_mpu.o(i.get_accel_prod_shift) refers to mpu6050.o(i.MPU_Read_Len) for MPU_Read_Len
    inv_mpu.o(i.get_accel_prod_shift) refers to inv_mpu.o(.data) for .data
    inv_mpu.o(i.get_st_biases) refers to mpu6050.o(i.MPU_Write_Len) for MPU_Write_Len
    inv_mpu.o(i.get_st_biases) refers to stm32f4xx_hal.o(i.HAL_Delay) for HAL_Delay
    inv_mpu.o(i.get_st_biases) refers to mpu6050.o(i.MPU_Read_Len) for MPU_Read_Len
    inv_mpu.o(i.get_st_biases) refers to ldiv.o(.text) for __aeabi_ldivmod
    inv_mpu.o(i.get_st_biases) refers to inv_mpu.o(.data) for .data
    inv_mpu.o(i.gyro_self_test) refers to mpu6050.o(i.MPU_Read_Len) for MPU_Read_Len
    inv_mpu.o(i.gyro_self_test) refers to inv_mpu.o(.data) for .data
    inv_mpu.o(i.inv_orientation_matrix_to_scalar) refers to inv_mpu.o(i.inv_row_2_scale) for inv_row_2_scale
    inv_mpu.o(i.mpu_configure_fifo) refers to inv_mpu.o(i.set_int_enable) for set_int_enable
    inv_mpu.o(i.mpu_configure_fifo) refers to inv_mpu.o(i.mpu_reset_fifo) for mpu_reset_fifo
    inv_mpu.o(i.mpu_configure_fifo) refers to inv_mpu.o(.data) for .data
[...]
    i.MPU_Set_Gyro_Fsr                       0x08002c82   Section        0  mpu6050.o(i.MPU_Set_Gyro_Fsr)
    i.MPU_Set_LPF                            0x08002c8c   Section        0  mpu6050.o(i.MPU_Set_LPF)
    i.MPU_Set_Rate                           0x08002cbc   Section        0  mpu6050.o(i.MPU_Set_Rate)
    i.MPU_Write_Byte                         0x08002cec   Section        0  mpu6050.o(i.MPU_Write_Byte)
    i.MPU_Write_Len                          0x08002d10   Section        0  mpu6050.o(i.MPU_Write_Len)
    i.MX_GPIO_Init                           0x08002d30   Section        0  gpio.o(i.MX_GPIO_Init)
    i.MX_I2C1_Init                           0x08002dac   Section        0  i2c.o(i.MX_I2C1_Init)
    i.MX_USART1_UART_Init                    0x08002dec   Section        0  usart.o(i.MX_USART1_UART_Init)
    i.MX_USART3_UART_Init                    0x08002e24   Section        0  usart.o(i.MX_USART3_UART_Init)
    i.MemManage_Handler                      0x08002e5c   Section        0  stm32f4xx_it.o(i.MemManage_Handler)
    i.NMI_Handler                            0x08002e5e   Section        0  stm32f4xx_it.o(i.NMI_Handler)
    i.PendSV_Handler                         0x08002e60   Section        0  stm32f4xx_it.o(i.PendSV_Handler)
    i.Rheostat_ADC_GPIO_Config               0x08002e64   Section        0  adc.o(i.Rheostat_ADC_GPIO_Config)
    Rheostat_ADC_GPIO_Config                 0x08002e65   Thumb Code   106  adc.o(i.Rheostat_ADC_GPIO_Config)
    i.Rheostat_ADC_Mode_Config               0x08002ee0   Section        0  adc.o(i.Rheostat_ADC_Mode_Config)
    Rheostat_ADC_Mode_Config                 0x08002ee1   Thumb Code   228  adc.o(i.Rheostat_ADC_Mode_Config)
    i.Rheostat_Init                          0x08002fd4   Section        0  adc.o(i.Rheostat_Init)
    i.SVC_Handler                            0x08002fe2   Section        0  stm32f4xx_it.o(i.SVC_Handler)
    i.SysTick_Handler                        0x08002fe4   Section        0  stm32f4xx_it.o(i.SysTick_Handler)
    i.SystemClock_Config                     0x08002fe8   Section        0  main.o(i.SystemClock_Config)
    i.SystemInit                             0x0800306c   Section        0  system_stm32f4xx.o(i.SystemInit)
    i.UART_DMAAbortOnError                   0x08003088   Section        0  stm32f4xx_hal_uart.o(i.UART_DMAAbortOnError)
    UART_DMAAbortOnError                     0x08003089   Thumb Code    16  stm32f4xx_hal_uart.o(i.UART_DMAAbortOnError)
    i.UART_EndRxTransfer                     0x08003098   Section        0  stm32f4xx_hal_uart.o(i.UART_EndRxTransfer)
    UART_EndRxTransfer                       0x08003099   Thumb Code    28  stm32f4xx_hal_uart.o(i.UART_EndRxTransfer)
    i.UART_EndTransmit_IT                    0x080030b4   Section        0  stm32f4xx_hal_uart.o(i.UART_EndTransmit_IT)
    UART_EndTransmit_IT                      0x080030b5   Thumb Code    26  stm32f4xx_hal_uart.o(i.UART_EndTransmit_IT)
    i.UART_Receive_IT                        0x080030ce   Section        0  stm32f4xx_hal_uart.o(i.UART_Receive_IT)
    UART_Receive_IT                          0x080030cf   Thumb Code   156  stm32f4xx_hal_uart.o(i.UART_Receive_IT)
    i.UART_SetConfig                         0x0800316c   Section        0  stm32f4xx_hal_uart.o(i.UART_SetConfig)
    UART_SetConfig                           0x0800316d   Thumb Code   400  stm32f4xx_hal_uart.o(i.UART_SetConfig)
    i.UART_Transmit_IT                       0x08003308   Section        0  stm32f4xx_hal_uart.o(i.UART_Transmit_IT)
    UART_Transmit_IT                         0x08003309   Thumb Code   102  stm32f4xx_hal_uart.o(i.UART_Transmit_IT)
    i.UART_WaitOnFlagUntilTimeout            0x0800336e   Section        0  stm32f4xx_hal_uart.o(i.UART_WaitOnFlagUntilTimeout)
    UART_WaitOnFlagUntilTimeout              0x0800336f   Thumb Code   120  stm32f4xx_hal_uart.o(i.UART_WaitOnFlagUntilTimeout)
    i.USART3_IRQHandler                      0x080033e8   Section        0  stm32f4xx_it.o(i.USART3_IRQHandler)
    i.UsageFault_Handler                     0x080033f4   Section        0  stm32f4xx_it.o(i.UsageFault_Handler)
    i.__0printf                              0x080033f8   Section        0  printfa.o(i.__0printf)
    i.__0sprintf                             0x08003418   Section        0  printfa.o(i.__0sprintf)
    i.__ARM_fpclassify                       0x08003440   Section        0  fpclassify.o(i.__ARM_fpclassify)
    i.__hardfp_asin                          0x08003470   Section        0  asin.o(i.__hardfp_asin)
    i.__hardfp_atan                          0x080037d0   Section        0  atan.o(i.__hardfp_atan)
    i.__hardfp_atan2                         0x08003aa8   Section        0  atan2.o(i.__hardfp_atan2)
    i.__kernel_poly                          0x08003ca8   Section        0  poly.o(i.__kernel_poly)
    i.__mathlib_dbl_infnan                   0x08003da0   Section        0  dunder.o(i.__mathlib_dbl_infnan)
    i.__mathlib_dbl_infnan2                  0x08003db4   Section        0  dunder.o(i.__mathlib_dbl_infnan2)
    i.__mathlib_dbl_invalid                  0x08003dc8   Section        0  dunder.o(i.__mathlib_dbl_invalid)
    i.__mathlib_dbl_underflow                0x08003de8   Section        0  dunder.o(i.__mathlib_dbl_underflow)
    i.__scatterload_copy                     0x08003e08   Section       14  handlers.o(i.__scatterload_copy)
    i.__scatterload_null                     0x08003e16   Section        2  handlers.o(i.__scatterload_null)
    i.__scatterload_zeroinit                 0x08003e18   Section       14  handlers.o(i.__scatterload_zeroinit)
    i.__set_errno                            0x08003e28   Section        0  errno.o(i.__set_errno)
    i._fp_digits                             0x08003e34   Section        0  printfa.o(i._fp_digits)
    _fp_digits                               0x08003e35   Thumb Code   366  printfa.o(i._fp_digits)
    i._printf_core                           0x08003fb8   Section        0  printfa.o(i._printf_core)
    _printf_core                             0x08003fb9   Thumb Code  1704  printfa.o(i._printf_core)
    i._printf_post_padding                   0x0800466c   Section        0  printfa.o(i._printf_post_padding)
    _printf_post_padding                     0x0800466d   Thumb Code    36  printfa.o(i._printf_post_padding)
    i._printf_pre_padding                    0x08004690   Section        0  printfa.o(i._printf_pre_padding)
    _printf_pre_padding                      0x08004691   Thumb Code    46  printfa.o(i._printf_pre_padding)
    i._sputc                                 0x080046be   Section        0  printfa.o(i._sputc)
    _sputc                                   0x080046bf   Thumb Code    10  printfa.o(i._sputc)
    i.accel_self_test                        0x080046c8   Section        0  inv_mpu.o(i.accel_self_test)
    accel_self_test                          0x080046c9   Thumb Code   126  inv_mpu.o(i.accel_self_test)
    i.atan                                   0x08004758   Section        0  atan.o(i.atan)
    i.dmp_enable_6x_lp_quat                  0x08004768   Section        0  inv_mpu_dmp_motion_driver.o(i.dmp_enable_6x_lp_quat)
    i.dmp_enable_feature                     0x080047a4   Section        0  inv_mpu_dmp_motion_driver.o(i.dmp_enable_feature)
    i.dmp_enable_gyro_cal                    0x0800497c   Section        0  inv_mpu_dmp_motion_driver.o(i.dmp_enable_gyro_cal)
    i.dmp_enable_lp_quat                     0x080049b8   Section        0  inv_mpu_dmp_motion_driver.o(i.dmp_enable_lp_quat)
    i.dmp_load_motion_driver_firmware        0x080049f4   Section        0  inv_mpu_dmp_motion_driver.o(i.dmp_load_motion_driver_firmware)
    i.dmp_read_fifo                          0x08004a08   Section        0  inv_mpu_dmp_motion_driver.o(i.dmp_read_fifo)
    i.dmp_set_accel_bias                     0x08004b70   Section        0  inv_mpu_dmp_motion_driver.o(i.dmp_set_accel_bias)
    i.dmp_set_fifo_rate                      0x08004c48   Section        0  inv_mpu_dmp_motion_driver.o(i.dmp_set_fifo_rate)
    i.dmp_set_gyro_bias                      0x08004cac   Section        0  inv_mpu_dmp_motion_driver.o(i.dmp_set_gyro_bias)
    i.dmp_set_orientation                    0x08004d78   Section        0  inv_mpu_dmp_motion_driver.o(i.dmp_set_orientation)
    i.dmp_set_shake_reject_thresh            0x08004e84   Section        0  inv_mpu_dmp_motion_driver.o(i.dmp_set_shake_reject_thresh)
    i.dmp_set_shake_reject_time              0x08004eb4   Section        0  inv_mpu_dmp_motion_driver.o(i.dmp_set_shake_reject_time)
    i.dmp_set_shake_reject_timeout           0x08004ed4   Section        0  inv_mpu_dmp_motion_driver.o(i.dmp_set_shake_reject_timeout)
    i.dmp_set_tap_axes                       0x08004ef4   Section        0  inv_mpu_dmp_motion_driver.o(i.dmp_set_tap_axes)
    i.dmp_set_tap_count                      0x08004f34   Section        0  inv_mpu_dmp_motion_driver.o(i.dmp_set_tap_count)
    i.dmp_set_tap_thresh                     0x08004f58   Section        0  inv_mpu_dmp_motion_driver.o(i.dmp_set_tap_thresh)
    i.dmp_set_tap_time                       0x080050b8   Section        0  inv_mpu_dmp_motion_driver.o(i.dmp_set_tap_time)
    i.dmp_set_tap_time_multi                 0x080050d8   Section        0  inv_mpu_dmp_motion_driver.o(i.dmp_set_tap_time_multi)
    i.esp8266_config_network                 0x080050f8   Section        0  esp8266.o(i.esp8266_config_network)
    i.esp8266_connect_server                 0x08005178   Section        0  esp8266.o(i.esp8266_connect_server)
    i.esp8266_init                           0x080051dc   Section        0  esp8266.o(i.esp8266_init)
    i.esp8266_reset                          0x080054c0   Section        0  esp8266.o(i.esp8266_reset)
    i.esp8266_send_cmd                       0x08005530   Section        0  esp8266.o(i.esp8266_send_cmd)
    i.esp8266_send_msg                       0x080055a4   Section        0  esp8266.o(i.esp8266_send_msg)
    i.esp8266_send_msg1                      0x080056d0   Section        0  esp8266.o(i.esp8266_send_msg1)
    i.esp8266_send_msg2                      0x080057cc   Section        0  esp8266.o(i.esp8266_send_msg2)
    i.esp8266_send_msg3                      0x080058c0   Section        0  esp8266.o(i.esp8266_send_msg3)
    i.fabs                                   0x080059b4   Section        0  fabs.o(i.fabs)
    i.fputc                                  0x080059cc   Section        0  usart.o(i.fputc)
    i.get_accel_prod_shift                   0x080059e4   Section        0  inv_mpu.o(i.get_accel_prod_shift)
    get_accel_prod_shift                     0x080059e5   Thumb Code   164  inv_mpu.o(i.get_accel_prod_shift)
    i.get_st_biases                          0x08005a98   Section        0  inv_mpu.o(i.get_st_biases)
    get_st_biases                            0x08005a99   Thumb Code   784  inv_mpu.o(i.get_st_biases)
    i.gyro_self_test                         0x08005dac   Section        0  inv_mpu.o(i.gyro_self_test)
    gyro_self_test                           0x08005dad   Thumb Code   190  inv_mpu.o(i.gyro_self_test)
    i.inv_orientation_matrix_to_scalar       0x08005e80   Section        0  inv_mpu.o(i.inv_orientation_matrix_to_scalar)
    i.inv_row_2_scale                        0x08005ea2   Section        0  inv_mpu.o(i.inv_row_2_scale)
    i.main                                   0x08005eec   Section        0  main.o(i.main)
    i.mget_ms                                0x08006258   Section        0  inv_mpu.o(i.mget_ms)
    i.mpu_configure_fifo                     0x0800625c   Section        0  inv_mpu.o(i.mpu_configure_fifo)
    i.mpu_dmp_get_data                       0x080062b0   Section        0  inv_mpu.o(i.mpu_dmp_get_data)
    i.mpu_dmp_init                           0x08006414   Section        0  inv_mpu.o(i.mpu_dmp_init)
    i.mpu_get_accel_fsr                      0x080064b8   Section        0  inv_mpu.o(i.mpu_get_accel_fsr)
    i.mpu_get_accel_sens                     0x080064f4   Section        0  inv_mpu.o(i.mpu_get_accel_sens)
    i.mpu_get_gyro_fsr                       0x08006538   Section        0  inv_mpu.o(i.mpu_get_gyro_fsr)
    i.mpu_get_gyro_sens                      0x0800656c   Section        0  inv_mpu.o(i.mpu_get_gyro_sens)
    i.mpu_get_lpf                            0x080065b8   Section        0  inv_mpu.o(i.mpu_get_lpf)
    i.mpu_get_sample_rate                    0x080065f0   Section        0  inv_mpu.o(i.mpu_get_sample_rate)
    i.mpu_init                               0x0800660c   Section        0  inv_mpu.o(i.mpu_init)
    i.mpu_load_firmware                      0x08006794   Section        0  inv_mpu.o(i.mpu_load_firmware)
    i.mpu_lp_accel_mode                      0x08006834   Section        0  inv_mpu.o(i.mpu_lp_accel_mode)
    i.mpu_read_fifo_stream                   0x080068ec   Section        0  inv_mpu.o(i.mpu_read_fifo_stream)
    i.mpu_read_mem                           0x0800697c   Section        0  inv_mpu.o(i.mpu_read_mem)
    i.mpu_reset_fifo                         0x080069d0   Section        0  inv_mpu.o(i.mpu_reset_fifo)
    i.mpu_run_self_test                      0x08006b30   Section        0  inv_mpu.o(i.mpu_run_self_test)
    i.mpu_set_accel_fsr                      0x08006c20   Section        0  inv_mpu.o(i.mpu_set_accel_fsr)
    i.mpu_set_bypass                         0x08006c88   Section        0  inv_mpu.o(i.mpu_set_bypass)
    i.mpu_set_dmp_state                      0x08006d64   Section        0  inv_mpu.o(i.mpu_set_dmp_state)
    i.mpu_set_gyro_fsr                       0x08006ddc   Section        0  inv_mpu.o(i.mpu_set_gyro_fsr)
    i.mpu_set_int_latched                    0x08006e48   Section        0  inv_mpu.o(i.mpu_set_int_latched)
    i.mpu_set_lpf                            0x08006eac   Section        0  inv_mpu.o(i.mpu_set_lpf)
    i.mpu_set_sample_rate                    0x08006f18   Section        0  inv_mpu.o(i.mpu_set_sample_rate)
    i.mpu_set_sensors                        0x08006f98   Section        0  inv_mpu.o(i.mpu_set_sensors)
    i.mpu_write_mem                          0x08007050   Section        0  inv_mpu.o(i.mpu_write_mem)
    i.readMux1                               0x080070a4   Section        0  main.o(i.readMux1)
    i.readMux2                               0x080070f4   Section        0  main.o(i.readMux2)
    i.run_self_test                          0x08007144   Section        0  inv_mpu.o(i.run_self_test)
    i.set_int_enable                         0x080071cc   Section        0  inv_mpu.o(i.set_int_enable)
    set_int_enable                           0x080071cd   Thumb Code    84  inv_mpu.o(i.set_int_enable)
    i.sqrt                                   0x08007224   Section        0  sqrt.o(i.sqrt)
    i.uart3_receiver_clear                   0x08007294   Section        0  esp8266.o(i.uart3_receiver_clear)
    .constdata                               0x080072b4   Section       27  inv_mpu.o(.constdata)
    .constdata                               0x080072d0   Section       12  inv_mpu.o(.constdata)
    .constdata                               0x080072dc   Section       40  inv_mpu.o(.constdata)
    .constdata                               0x08007304   Section     3062  inv_mpu_dmp_motion_driver.o(.constdata)
    dmp_memory                               0x08007304   Data        3062  inv_mpu_dmp_motion_driver.o(.constdata)
    .constdata                               0x08007efc   Section      544  main.o(.constdata)
    .constdata                               0x0800811c   Section       16  system_stm32f4xx.o(.constdata)
    .constdata                               0x0800812c   Section        8  system_stm32f4xx.o(.constdata)
    .constdata                               0x08008134   Section        8  stm32f4xx_hal_dma.o(.constdata)
    flagBitshiftOffset                       0x08008134   Data           8  stm32f4xx_hal_dma.o(.constdata)
    .constdata                               0x08008140   Section       80  asin.o(.constdata)
    pS                                       0x08008140   Data          48  asin.o(.constdata)
    qS                                       0x08008170   Data          32  asin.o(.constdata)
    .constdata                               0x08008190   Section      152  atan.o(.constdata)
    atanhi                                   0x08008190   Data          32  atan.o(.constdata)
    atanlo                                   0x080081b0   Data          32  atan.o(.constdata)
    aTodd                                    0x080081d0   Data          40  atan.o(.constdata)
    aTeven                                   0x080081f8   Data          48  atan.o(.constdata)
    .constdata                               0x08008228   Section        8  qnan.o(.constdata)
    .conststring                             0x08008230   Section       77  inv_mpu.o(.conststring)
    .conststring                             0x08008280   Section     1242  esp8266.o(.conststring)
    .data                                    0x20000000   Section       53  inv_mpu.o(.data)
    st                                       0x20000000   Data          44  inv_mpu.o(.data)
    gyro_orientation                         0x2000002c   Data           9  inv_mpu.o(.data)
    .data                                    0x20000038   Section       32  main.o(.data)
    .data                                    0x20000058   Section        4  system_stm32f4xx.o(.data)
    .data                                    0x2000005c   Section       12  stm32f4xx_hal.o(.data)
    .data                                    0x20000068   Section       10  esp8266.o(.data)
    error_count                              0x20000069   Data           1  esp8266.o(.data)
    error_count                              0x2000006a   Data           1  esp8266.o(.data)
    error_count                              0x2000006b   Data           1  esp8266.o(.data)
    error_count                              0x2000006c   Data           1  esp8266.o(.data)
    .data                                    0x20000074   Section        4  stdout.o(.data)
    .data                                    0x20000078   Section        4  errno.o(.data)
    _errno                                   0x20000078   Data           4  errno.o(.data)
    .bss                                     0x2000007c   Section       16  inv_mpu_dmp_motion_driver.o(.bss)
    dmp                                      0x2000007c   Data          16  inv_mpu_dmp_motion_driver.o(.bss)
    .bss                                     0x20000090   Section      192  main.o(.bss)
    .bss                                     0x20000150   Section      204  adc.o(.bss)
    .bss                                     0x2000021c   Section       84  i2c.o(.bss)
    .bss                                     0x20000270   Section      128  usart.o(.bss)
    .bss                                     0x200002f0   Section      512  esp8266.o(.bss)
    STACK                                    0x200004f0   Section     1024  startup_stm32f407xx.o(STACK)

    Global Symbols

    Symbol Name                              Value     Ov Type        Size  Object(Section)

    BuildAttributes$$THM_ISAv4$E$P$D$K$B$S$7EM$VFPi3$EXTD16$VFPS$VFMA$PE$A:L22UL41UL21$X:L11$S22US41US21$IEEE1$IW$USESV6$~STKCKD$USESV7$~SHL$OTIME$ROPI$IEEEX$EBA8$MICROLIB$REQ8$PRES8$EABIv2 0x00000000   Number         0  anon$$obj.o ABSOLUTE
    __ARM_use_no_argv                        0x00000000   Number         0  main.o ABSOLUTE
    _printf_a                                0x00000000   Number         0  stubs.o ABSOLUTE
    _printf_c                                0x00000000   Number         0  stubs.o ABSOLUTE
    _printf_charcount                        0x00000000   Number         0  stubs.o ABSOLUTE
    _printf_d                                0x00000000   Number         0  stubs.o ABSOLUTE
    _printf_e                                0x00000000   Number         0  stubs.o ABSOLUTE
    _printf_f                                0x00000000   Number         0  stubs.o ABSOLUTE
    _printf_flags                            0x00000000   Number         0  stubs.o ABSOLUTE
    _printf_fp_dec                           0x00000000   Number         0  stubs.o ABSOLUTE
    _printf_fp_hex                           0x00000000   Number         0  stubs.o ABSOLUTE
    _printf_g                                0x00000000   Number         0  stubs.o ABSOLUTE
    _printf_i                                0x00000000   Number         0  stubs.o ABSOLUTE
    _printf_int_dec                          0x00000000   Number         0  stubs.o ABSOLUTE
    _printf_l                                0x00000000   Number         0  stubs.o ABSOLUTE
    _printf_lc                               0x00000000   Number         0  stubs.o ABSOLUTE
    _printf_ll                               0x00000000   Number         0  stubs.o ABSOLUTE
    _printf_lld                              0x00000000   Number         0  stubs.o ABSOLUTE
    _printf_lli                              0x00000000   Number         0  stubs.o ABSOLUTE
    _printf_llo                              0x00000000   Number         0  stubs.o ABSOLUTE
    _printf_llu                              0x00000000   Number         0  stubs.o ABSOLUTE
    _printf_llx                              0x00000000   Number         0  stubs.o ABSOLUTE
    _printf_longlong_dec                     0x00000000   Number         0  stubs.o ABSOLUTE
    _printf_longlong_hex                     0x00000000   Number         0  stubs.o ABSOLUTE
    _printf_longlong_oct                     0x00000000   Number         0  stubs.o ABSOLUTE
    _printf_ls                               0x00000000   Number         0  stubs.o ABSOLUTE
    _printf_mbtowc                           0x00000000   Number         0  stubs.o ABSOLUTE
    _printf_n                                0x00000000   Number         0  stubs.o ABSOLUTE
    _printf_o                                0x00000000   Number         0  stubs.o ABSOLUTE
    _printf_p                                0x00000000   Number         0  stubs.o ABSOLUTE
    _printf_percent                          0x00000000   Number         0  stubs.o ABSOLUTE
    _printf_pre_padding                      0x00000000   Number         0  stubs.o ABSOLUTE
    _printf_return_value                     0x00000000   Number         0  stubs.o ABSOLUTE
    _printf_s                                0x00000000   Number         0  stubs.o ABSOLUTE
    _printf_sizespec                         0x00000000   Number         0  stubs.o ABSOLUTE
    _printf_str                              0x00000000   Number         0  stubs.o ABSOLUTE
    _printf_truncate_signed                  0x00000000   Number         0  stubs.o ABSOLUTE
    _printf_truncate_unsigned                0x00000000   Number         0  stubs.o ABSOLUTE
    _printf_u                                0x00000000   Number         0  stubs.o ABSOLUTE
    _printf_wc                               0x00000000   Number         0  stubs.o ABSOLUTE
    _printf_wctomb                           0x00000000   Number         0  stubs.o ABSOLUTE
    _printf_widthprec                        0x00000000   Number         0  stubs.o ABSOLUTE
    _printf_x                                0x00000000   Number         0  stubs.o ABSOLUTE
    __arm_fini_                               - Undefined Weak Reference
    __cpp_initialize__aeabi_                  - Undefined Weak Reference
    __cxa_finalize                            - Undefined Weak Reference
    __decompress                              - Undefined Weak Reference
    _clock_init                               - Undefined Weak Reference
    _microlib_exit                            - Undefined Weak Reference
    _scanf_longlong                           - Undefined Weak Reference
    _scanf_real                               - Undefined Weak Reference
    __Vectors_Size                           0x00000188   Number         0  startup_stm32f407xx.o ABSOLUTE
    __Vectors                                0x08000000   Data           4  startup_stm32f407xx.o(RESET)
    __Vectors_End                            0x08000188   Data           0  startup_stm32f407xx.o(RESET)
    __main                                   0x08000189   Thumb Code     0  entry.o(.ARM.Collect$$$$00000000)
    _main_stk                                0x08000189   Thumb Code     0  entry2.o(.ARM.Collect$$$$00000001)
    _main_scatterload                        0x0800018d   Thumb Code     0  entry5.o(.ARM.Collect$$$$00000004)
    __main_after_scatterload                 0x08000191   Thumb Code     0  entry5.o(.ARM.Collect$$$$00000004)
    _main_clock                              0x08000191   Thumb Code     0  entry7b.o(.ARM.Collect$$$$00000008)
    _main_cpp_init                           0x08000191   Thumb Code     0  entry8b.o(.ARM.Collect$$$$0000000A)
    _main_init                               0x08000191   Thumb Code     0  entry9a.o(.ARM.Collect$$$$0000000B)
    __rt_lib_shutdown_fini                   0x08000199   Thumb Code     0  entry12b.o(.ARM.Collect$$$$0000000E)
    __rt_final_cpp                           0x0800019d   Thumb Code     0  entry10a.o(.ARM.Collect$$$$0000000F)
    __rt_final_exit                          0x0800019d   Thumb Code     0  entry11a.o(.ARM.Collect$$$$00000011)
    Reset_Handler                            0x080001a1   Thumb Code     8  startup_stm32f407xx.o(.text)
    ADC_IRQHandler                           0x080001bb   Thumb Code     0  startup_stm32f407xx.o(.text)
    CAN1_RX0_IRQHandler                      0x080001bb   Thumb Code     0  startup_stm32f407xx.o(.text)
    CAN1_RX1_IRQHandler                      0x080001bb   Thumb Code     0  startup_stm32f407xx.o(.text)
    CAN1_SCE_IRQHandler                      0x080001bb   Thumb Code     0  startup_stm32f407xx.o(.text)
    CAN1_TX_IRQHandler                       0x080001bb   Thumb Code     0  startup_stm32f407xx.o(.text)
    CAN2_RX0_IRQHandler                      0x080001bb   Thumb Code     0  startup_stm32f407xx.o(.text)
    CAN2_RX1_IRQHandler                      0x080001bb   Thumb Code     0  startup_stm32f407xx.o(.text)
    CAN2_SCE_IRQHandler                      0x080001bb   Thumb Code     0  startup_stm32f407xx.o(.text)
    CAN2_TX_IRQHandler                       0x080001bb   Thumb Code     0  startup_stm32f407xx.o(.text)
    DCMI_IRQHandler                          0x080001bb   Thumb Code     0  startup_stm32f407xx.o(.text)
    DMA1_Stream0_IRQHandler                  0x080001bb   Thumb Code     0  startup_stm32f407xx.o(.text)
    DMA1_Stream1_IRQHandler                  0x080001bb   Thumb Code     0  startup_stm32f407xx.o(.text)
    DMA1_Stream2_IRQHandler                  0x080001bb   Thumb Code     0  startup_stm32f407xx.o(.text)
    DMA1_Stream3_IRQHandler                  0x080001bb   Thumb Code     0  startup_stm32f407xx.o(.text)
    DMA1_Stream4_IRQHandler                  0x080001bb   Thumb Code     0  startup_stm32f407xx.o(.text)
    DMA1_Stream5_IRQHandler                  0x080001bb   Thumb Code     0  startup_stm32f407xx.o(.text)
    DMA1_Stream6_IRQHandler                  0x080001bb   Thumb Code     0  startup_stm32f407xx.o(.text)
    DMA1_Stream7_IRQHandler                  0x080001bb   Thumb Code     0  startup_stm32f407xx.o(.text)
    DMA2_Stream0_IRQHandler                  0x080001bb   Thumb Code     0  startup_stm32f407xx.o(.text)
    DMA2_Stream1_IRQHandler                  0x080001bb   Thumb Code     0  startup_stm32f407xx.o(.text)
    DMA2_Stream2_IRQHandler                  0x080001bb   Thumb Code     0  startup_stm32f407xx.o(.text)
    DMA2_Stream3_IRQHandler                  0x080001bb   Thumb Code     0  startup_stm32f407xx.o(.text)
    DMA2_Stream4_IRQHandler                  0x080001bb   Thumb Code     0  startup_stm32f407xx.o(.text)
    DMA2_Stream5_IRQHandler                  0x080001bb   Thumb Code     0  startup_stm32f407xx.o(.text)
    DMA2_Stream6_IRQHandler                  0x080001bb   Thumb Code     0  startup_stm32f407xx.o(.text)
    DMA2_Stream7_IRQHandler                  0x080001bb   Thumb Code     0  startup_stm32f407xx.o(.text)
    ETH_IRQHandler                           0x080001bb   Thumb Code     0  startup_stm32f407xx.o(.text)
    ETH_WKUP_IRQHandler                      0x080001bb   Thumb Code     0  startup_stm32f407xx.o(.text)
    EXTI0_IRQHandler                         0x080001bb   Thumb Code     0  startup_stm32f407xx.o(.text)
    EXTI15_10_IRQHandler                     0x080001bb   Thumb Code     0  startup_stm32f407xx.o(.text)
    EXTI1_IRQHandler                         0x080001bb   Thumb Code     0  startup_stm32f407xx.o(.text)
    EXTI2_IRQHandler                         0x080001bb   Thumb Code     0  startup_stm32f407xx.o(.text)
    EXTI3_IRQHandler                         0x080001bb   Thumb Code     0  startup_stm32f407xx.o(.text)
    EXTI4_IRQHandler                         0x080001bb   Thumb Code     0  startup_stm32f407xx.o(.text)
    EXTI9_5_IRQHandler                       0x080001bb   Thumb Code     0  startup_stm32f407xx.o(.text)
    FLASH_IRQHandler                         0x080001bb   Thumb Code     0  startup_stm32f407xx.o(.text)
    FMC_IRQHandler                           0x080001bb   Thumb Code     0  startup_stm32f407xx.o(.text)
    FPU_IRQHandler                           0x080001bb   Thumb Code     0  startup_stm32f407xx.o(.text)
    HASH_RNG_IRQHandler                      0x080001bb   Thumb Code     0  startup_stm32f407xx.o(.text)
    I2C1_ER_IRQHandler                       0x080001bb   Thumb Code     0  startup_stm32f407xx.o(.text)
    I2C1_EV_IRQHandler                       0x080001bb   Thumb Code     0  startup_stm32f407xx.o(.text)
    I2C2_ER_IRQHandler                       0x080001bb   Thumb Code     0  startup_stm32f407xx.o(.text)
    I2C2_EV_IRQHandler                       0x080001bb   Thumb Code     0  startup_stm32f407xx.o(.text)
    I2C3_ER_IRQHandler                       0x080001bb   Thumb Code     0  startup_stm32f407xx.o(.text)
    I2C3_EV_IRQHandler                       0x080001bb   Thumb Code     0  startup_stm32f407xx.o(.text)
    OTG_FS_IRQHandler                        0x080001bb   Thumb Code     0  startup_stm32f407xx.o(.text)
    OTG_FS_WKUP_IRQHandler                   0x080001bb   Thumb Code     0  startup_stm32f407xx.o(.text)
    OTG_HS_EP1_IN_IRQHandler                 0x080001bb   Thumb Code     0  startup_stm32f407xx.o(.text)
    OTG_HS_EP1_OUT_IRQHandler                0x080001bb   Thumb Code     0  startup_stm32f407xx.o(.text)
    OTG_HS_IRQHandler                        0x080001bb   Thumb Code     0  startup_stm32f407xx.o(.text)
    OTG_HS_WKUP_IRQHandler                   0x080001bb   Thumb Code     0  startup_stm32f407xx.o(.text)
    PVD_IRQHandler                           0x080001bb   Thumb Code     0  startup_stm32f407xx.o(.text)
    RCC_IRQHandler                           0x080001bb   Thumb Code     0  startup_stm32f407xx.o(.text)
    RTC_Alarm_IRQHandler                     0x080001bb   Thumb Code     0  startup_stm32f407xx.o(.text)
    RTC_WKUP_IRQHandler                      0x080001bb   Thumb Code     0  startup_stm32f407xx.o(.text)
    SDIO_IRQHandler                          0x080001bb   Thumb Code     0  startup_stm32f407xx.o(.text)
    SPI1_IRQHandler                          0x080001bb   Thumb Code     0  startup_stm32f407xx.o(.text)
    SPI2_IRQHandler                          0x080001bb   Thumb Code     0  startup_stm32f407xx.o(.text)
    SPI3_IRQHandler                          0x080001bb   Thumb Code     0  startup_stm32f407xx.o(.text)
    TAMP_STAMP_IRQHandler                    0x080001bb   Thumb Code     0  startup_stm32f407xx.o(.text)
    TIM1_BRK_TIM9_IRQHandler                 0x080001bb   Thumb Code     0  startup_stm32f407xx.o(.text)
    TIM1_CC_IRQHandler                       0x080001bb   Thumb Code     0  startup_stm32f407xx.o(.text)
    TIM1_TRG_COM_TIM11_IRQHandler            0x080001bb   Thumb Code     0  startup_stm32f407xx.o(.text)
    TIM1_UP_TIM10_IRQHandler                 0x080001bb   Thumb Code     0  startup_stm32f407xx.o(.text)
    TIM2_IRQHandler                          0x080001bb   Thumb Code     0  startup_stm32f407xx.o(.text)
    TIM3_IRQHandler                          0x080001bb   Thumb Code     0  startup_stm32f407xx.o(.text)
    TIM4_IRQHandler                          0x080001bb   Thumb Code     0  startup_stm32f407xx.o(.text)
    TIM5_IRQHandler                          0x080001bb   Thumb Code     0  startup_stm32f407xx.o(.text)
    TIM6_DAC_IRQHandler                      0x080001bb   Thumb Code     0  startup_stm32f407xx.o(.text)
    TIM7_IRQHandler                          0x080001bb   Thumb Code     0  startup_stm32f407xx.o(.text)
    TIM8_BRK_TIM12_IRQHandler                0x080001bb   Thumb Code     0  startup_stm32f407xx.o(.text)
    TIM8_CC_IRQHandler                       0x080001bb   Thumb Code     0  startup_stm32f407xx.o(.text)
    TIM8_TRG_COM_TIM14_IRQHandler            0x080001bb   Thumb Code     0  startup_stm32f407xx.o(.text)
    TIM8_UP_TIM13_IRQHandler                 0x080001bb   Thumb Code     0  startup_stm32f407xx.o(.text)
    UART4_IRQHandler                         0x080001bb   Thumb Code     0  startup_stm32f407xx.o(.text)
    UART5_IRQHandler                         0x080001bb   Thumb Code     0  startup_stm32f407xx.o(.text)
    USART1_IRQHandler                        0x080001bb   Thumb Code     0  startup_stm32f407xx.o(.text)
    USART2_IRQHandler                        0x080001bb   Thumb Code     0  startup_stm32f407xx.o(.text)
    USART6_IRQHandler                        0x080001bb   Thumb Code     0  startup_stm32f407xx.o(.text)
    WWDG_IRQHandler                          0x080001bb   Thumb Code     0  startup_stm32f407xx.o(.text)
    __aeabi_uldivmod                         0x080001c5   Thumb Code    98  uldiv.o(.text)
    __aeabi_ldivmod                          0x08000227   Thumb Code    98  ldiv.o(.text)
    __aeabi_memcpy                           0x08000289   Thumb Code    36  memcpya.o(.text)
    __aeabi_memcpy4                          0x08000289   Thumb Code     0  memcpya.o(.text)
    __aeabi_memcpy8                          0x08000289   Thumb Code     0  memcpya.o(.text)
    __aeabi_memset                           0x080002ad   Thumb Code    14  memseta.o(.text)
    __aeabi_memset4                          0x080002ad   Thumb Code     0  memseta.o(.text)
    __aeabi_memset8                          0x080002ad   Thumb Code     0  memseta.o(.text)
    __aeabi_memclr                           0x080002bb   Thumb Code     4  memseta.o(.text)
    __aeabi_memclr4                          0x080002bb   Thumb Code     0  memseta.o(.text)
    __aeabi_memclr8                          0x080002bb   Thumb Code     0  memseta.o(.text)
    _memset$wrapper                          0x080002bf   Thumb Code    18  memseta.o(.text)
    strstr                                   0x080002d1   Thumb Code    36  strstr.o(.text)
    strlen                                   0x080002f5   Thumb Code    14  strlen.o(.text)
    memcmp                                   0x08000303   Thumb Code    26  memcmp.o(.text)
    __aeabi_dadd                             0x0800031d   Thumb Code   322  dadd.o(.text)
    __aeabi_dsub                             0x0800045f   Thumb Code     6  dadd.o(.text)
    __aeabi_drsub                            0x08000465   Thumb Code     6  dadd.o(.text)
    __aeabi_dmul                             0x0800046b   Thumb Code   228  dmul.o(.text)
    __aeabi_ddiv                             0x0800054f   Thumb Code   222  ddiv.o(.text)
    __aeabi_i2d                              0x0800062d   Thumb Code    34  dflti.o(.text)
    __aeabi_f2d                              0x0800064f   Thumb Code    38  f2d.o(.text)
    __aeabi_d2f                              0x08000675   Thumb Code    56  d2f.o(.text)
    __aeabi_uidiv                            0x080006ad   Thumb Code     0  uidiv.o(.text)
    __aeabi_uidivmod                         0x080006ad   Thumb Code    44  uidiv.o(.text)
    __aeabi_llsl                             0x080006d9   Thumb Code    30  llshl.o(.text)
    _ll_shift_l                              0x080006d9   Thumb Code     0  llshl.o(.text)
    __aeabi_llsr                             0x080006f7   Thumb Code    32  llushr.o(.text)
    _ll_ushift_r                             0x080006f7   Thumb Code     0  llushr.o(.text)
    __aeabi_lasr                             0x08000717   Thumb Code    36  llsshr.o(.text)
    _ll_sshift_r                             0x08000717   Thumb Code     0  llsshr.o(.text)
    __I$use$fp                               0x0800073b   Thumb Code     0  iusefp.o(.text)
    _float_round                             0x0800073b   Thumb Code    18  fepilogue.o(.text)
    _float_epilogue                          0x0800074d   Thumb Code    92  fepilogue.o(.text)
    _double_round                            0x080007a9   Thumb Code    30  depilogue.o(.text)
    _double_epilogue                         0x080007c7   Thumb Code   156  depilogue.o(.text)
    __aeabi_d2ulz                            0x08000863   Thumb Code    48  dfixul.o(.text)
    __aeabi_cdcmpeq                          0x08000895   Thumb Code     0  cdcmple.o(.text)
    __aeabi_cdcmple                          0x08000895   Thumb Code    48  cdcmple.o(.text)
    __aeabi_cdrcmple                         0x080008c5   Thumb Code    48  cdrcmple.o(.text)
    __scatterload                            0x080008f5   Thumb Code    28  init.o(.text)
    __scatterload_rt2                        0x080008f5   Thumb Code     0  init.o(.text)
    _dsqrt                                   0x08000919   Thumb Code   162  dsqrt.o(.text)
    BusFault_Handler                         0x08000b81   Thumb Code     2  stm32f4xx_it.o(i.BusFault_Handler)
    DebugMon_Handler                         0x08000c6f   Thumb Code     2  stm32f4xx_it.o(i.DebugMon_Handler)
    Error_Handler                            0x08000c71   Thumb Code     2  main.o(i.Error_Handler)
    HAL_ADC_ConfigChannel                    0x08000c75   Thumb Code   356  stm32f4xx_hal_adc.o(i.HAL_ADC_ConfigChannel)
    HAL_ADC_ConvCpltCallback                 0x08000de9   Thumb Code     2  stm32f4xx_hal_adc.o(i.HAL_ADC_ConvCpltCallback)
    HAL_ADC_ConvHalfCpltCallback             0x08000deb   Thumb Code     2  stm32f4xx_hal_adc.o(i.HAL_ADC_ConvHalfCpltCallback)
    HAL_ADC_ErrorCallback                    0x08000ded   Thumb Code     2  stm32f4xx_hal_adc.o(i.HAL_ADC_ErrorCallback)
    HAL_ADC_Init                             0x08000def   Thumb Code    86  stm32f4xx_hal_adc.o(i.HAL_ADC_Init)
    HAL_ADC_MspInit                          0x08000e45   Thumb Code     2  stm32f4xx_hal_adc.o(i.HAL_ADC_MspInit)
    HAL_ADC_Start_DMA                        0x08000e49   Thumb Code   328  stm32f4xx_hal_adc.o(i.HAL_ADC_Start_DMA)
    HAL_DMA_Abort_IT                         0x08000fb1   Thumb Code    36  stm32f4xx_hal_dma.o(i.HAL_DMA_Abort_IT)
    HAL_DMA_Init                             0x08000fd5   Thumb Code   230  stm32f4xx_hal_dma.o(i.HAL_DMA_Init)
    HAL_DMA_Start                            0x080010c1   Thumb Code    74  stm32f4xx_hal_dma.o(i.HAL_DMA_Start)
    HAL_DMA_Start_IT                         0x0800110b   Thumb Code   112  stm32f4xx_hal_dma.o(i.HAL_DMA_Start_IT)
    HAL_Delay                                0x0800117d   Thumb Code    34  stm32f4xx_hal.o(i.HAL_Delay)
    HAL_GPIO_Init                            0x080011a5   Thumb Code   580  stm32f4xx_hal_gpio.o(i.HAL_GPIO_Init)
    HAL_GPIO_WritePin                        0x080013fd   Thumb Code    14  stm32f4xx_hal_gpio.o(i.HAL_GPIO_WritePin)
    HAL_GetTick                              0x0800140d   Thumb Code     6  stm32f4xx_hal.o(i.HAL_GetTick)
    HAL_I2C_Init                             0x08001419   Thumb Code   410  stm32f4xx_hal_i2c.o(i.HAL_I2C_Init)
    HAL_I2C_Mem_Read                         0x080015c5   Thumb Code   692  stm32f4xx_hal_i2c.o(i.HAL_I2C_Mem_Read)
    HAL_I2C_Mem_Write                        0x08001885   Thumb Code   362  stm32f4xx_hal_i2c.o(i.HAL_I2C_Mem_Write)
    HAL_I2C_MspInit                          0x080019f9   Thumb Code    94  i2c.o(i.HAL_I2C_MspInit)
    HAL_IncTick                              0x08001a65   Thumb Code    12  stm32f4xx_hal.o(i.HAL_IncTick)
    HAL_Init                                 0x08001a75   Thumb Code    48  stm32f4xx_hal.o(i.HAL_Init)
    HAL_InitTick                             0x08001aa9   Thumb Code    58  stm32f4xx_hal.o(i.HAL_InitTick)
    HAL_MspInit                              0x08001aed   Thumb Code    42  stm32f4xx_hal_msp.o(i.HAL_MspInit)
    HAL_NVIC_EnableIRQ                       0x08001b1d   Thumb Code    28  stm32f4xx_hal_cortex.o(i.HAL_NVIC_EnableIRQ)
    HAL_NVIC_SetPriority                     0x08001b39   Thumb Code    98  stm32f4xx_hal_cortex.o(i.HAL_NVIC_SetPriority)
    HAL_NVIC_SetPriorityGrouping             0x08001ba1   Thumb Code    30  stm32f4xx_hal_cortex.o(i.HAL_NVIC_SetPriorityGrouping)
    HAL_RCC_ClockConfig                      0x08001bc5   Thumb Code   354  stm32f4xx_hal_rcc.o(i.HAL_RCC_ClockConfig)
    HAL_RCC_GetHCLKFreq                      0x08001d41   Thumb Code     6  stm32f4xx_hal_rcc.o(i.HAL_RCC_GetHCLKFreq)
    HAL_RCC_GetPCLK1Freq                     0x08001d4d   Thumb Code    22  stm32f4xx_hal_rcc.o(i.HAL_RCC_GetPCLK1Freq)
    HAL_RCC_GetPCLK2Freq                     0x08001d6d   Thumb Code    22  stm32f4xx_hal_rcc.o(i.HAL_RCC_GetPCLK2Freq)
    HAL_RCC_GetSysClockFreq                  0x08001d8d   Thumb Code    94  stm32f4xx_hal_rcc.o(i.HAL_RCC_GetSysClockFreq)
    HAL_RCC_OscConfig                        0x08001df9   Thumb Code  1142  stm32f4xx_hal_rcc.o(i.HAL_RCC_OscConfig)
    HAL_SYSTICK_Config                       0x08002271   Thumb Code    36  stm32f4xx_hal_cortex.o(i.HAL_SYSTICK_Config)
    HAL_UART_ErrorCallback                   0x08002299   Thumb Code     2  stm32f4xx_hal_uart.o(i.HAL_UART_ErrorCallback)
    HAL_UART_IRQHandler                      0x0800229d   Thumb Code   318  stm32f4xx_hal_uart.o(i.HAL_UART_IRQHandler)
    HAL_UART_Init                            0x080023e1   Thumb Code   100  stm32f4xx_hal_uart.o(i.HAL_UART_Init)
    HAL_UART_MspInit                         0x08002445   Thumb Code   162  usart.o(i.HAL_UART_MspInit)
    HAL_UART_RxCpltCallback                  0x080024fd   Thumb Code     2  stm32f4xx_hal_uart.o(i.HAL_UART_RxCpltCallback)
    HAL_UART_Transmit                        0x080024ff   Thumb Code   224  stm32f4xx_hal_uart.o(i.HAL_UART_Transmit)
    HAL_UART_TxCpltCallback                  0x080025df   Thumb Code     2  stm32f4xx_hal_uart.o(i.HAL_UART_TxCpltCallback)
    HardFault_Handler                        0x080025e1   Thumb Code     2  stm32f4xx_it.o(i.HardFault_Handler)
    MPU_Get_Accelerometer                    0x08002aef   Thumb Code    50  mpu6050.o(i.MPU_Get_Accelerometer)
    MPU_Get_Gyroscope                        0x08002b21   Thumb Code    50  mpu6050.o(i.MPU_Get_Gyroscope)
    MPU_Get_Temperature                      0x08002b55   Thumb Code    78  mpu6050.o(i.MPU_Get_Temperature)
    MPU_Init                                 0x08002bb9   Thumb Code   120  mpu6050.o(i.MPU_Init)
    MPU_Read_Byte                            0x08002c31   Thumb Code    34  mpu6050.o(i.MPU_Read_Byte)
    MPU_Read_Len                             0x08002c59   Thumb Code    28  mpu6050.o(i.MPU_Read_Len)
    MPU_Set_Accel_Fsr                        0x08002c79   Thumb Code    10  mpu6050.o(i.MPU_Set_Accel_Fsr)
    MPU_Set_Gyro_Fsr                         0x08002c83   Thumb Code    10  mpu6050.o(i.MPU_Set_Gyro_Fsr)
    MPU_Set_LPF                              0x08002c8d   Thumb Code    48  mpu6050.o(i.MPU_Set_LPF)
    MPU_Set_Rate                             0x08002cbd   Thumb Code    46  mpu6050.o(i.MPU_Set_Rate)
    MPU_Write_Byte                           0x08002ced   Thumb Code    32  mpu6050.o(i.MPU_Write_Byte)
    MPU_Write_Len                            0x08002d11   Thumb Code    28  mpu6050.o(i.MPU_Write_Len)
    MX_GPIO_Init                             0x08002d31   Thumb Code   116  gpio.o(i.MX_GPIO_Init)
    MX_I2C1_Init                             0x08002dad   Thumb Code    50  i2c.o(i.MX_I2C1_Init)
    MX_USART1_UART_Init                      0x08002ded   Thumb Code    48  usart.o(i.MX_USART1_UART_Init)
    MX_USART3_UART_Init                      0x08002e25   Thumb Code    48  usart.o(i.MX_USART3_UART_Init)
    MemManage_Handler                        0x08002e5d   Thumb Code     2  stm32f4xx_it.o(i.MemManage_Handler)
    NMI_Handler                              0x08002e5f   Thumb Code     2  stm32f4xx_it.o(i.NMI_Handler)
    PendSV_Handler                           0x08002e61   Thumb Code     2  stm32f4xx_it.o(i.PendSV_Handler)
    Rheostat_Init                            0x08002fd5   Thumb Code    14  adc.o(i.Rheostat_Init)
    SVC_Handler                              0x08002fe3   Thumb Code     2  stm32f4xx_it.o(i.SVC_Handler)
    SysTick_Handler                          0x08002fe5   Thumb Code     4  stm32f4xx_it.o(i.SysTick_Handler)
    SystemClock_Config                       0x08002fe9   Thumb Code   122  main.o(i.SystemClock_Config)
    SystemInit                               0x0800306d   Thumb Code    22  system_stm32f4xx.o(i.SystemInit)
    USART3_IRQHandler                        0x080033e9   Thumb Code     6  stm32f4xx_it.o(i.USART3_IRQHandler)
    UsageFault_Handler                       0x080033f5   Thumb Code     2  stm32f4xx_it.o(i.UsageFault_Handler)
    __0printf                                0x080033f9   Thumb Code    22  printfa.o(i.__0printf)
    __1printf                                0x080033f9   Thumb Code     0  printfa.o(i.__0printf)
    __2printf                                0x080033f9   Thumb Code     0  printfa.o(i.__0printf)
    __c89printf                              0x080033f9   Thumb Code     0  printfa.o(i.__0printf)
    printf                                   0x080033f9   Thumb Code     0  printfa.o(i.__0printf)
    __0sprintf                               0x08003419   Thumb Code    34  printfa.o(i.__0sprintf)
    __1sprintf                               0x08003419   Thumb Code     0  printfa.o(i.__0sprintf)
    __2sprintf                               0x08003419   Thumb Code     0  printfa.o(i.__0sprintf)
    __c89sprintf                             0x08003419   Thumb Code     0  printfa.o(i.__0sprintf)
    sprintf                                  0x08003419   Thumb Code     0  printfa.o(i.__0sprintf)
    __ARM_fpclassify                         0x08003441   Thumb Code    48  fpclassify.o(i.__ARM_fpclassify)
    __hardfp_asin                            0x08003471   Thumb Code   770  asin.o(i.__hardfp_asin)
    __hardfp_atan                            0x080037d1   Thumb Code   622  atan.o(i.__hardfp_atan)
    __hardfp_atan2                           0x08003aa9   Thumb Code   448  atan2.o(i.__hardfp_atan2)
    __kernel_poly                            0x08003ca9   Thumb Code   248  poly.o(i.__kernel_poly)
    __mathlib_dbl_infnan                     0x08003da1   Thumb Code    20  dunder.o(i.__mathlib_dbl_infnan)
    __mathlib_dbl_infnan2                    0x08003db5   Thumb Code    20  dunder.o(i.__mathlib_dbl_infnan2)
    __mathlib_dbl_invalid                    0x08003dc9   Thumb Code    24  dunder.o(i.__mathlib_dbl_invalid)
    __mathlib_dbl_underflow                  0x08003de9   Thumb Code    24  dunder.o(i.__mathlib_dbl_underflow)
    __scatterload_copy                       0x08003e09   Thumb Code    14  handlers.o(i.__scatterload_copy)
    __scatterload_null                       0x08003e17   Thumb Code     2  handlers.o(i.__scatterload_null)
    __scatterload_zeroinit                   0x08003e19   Thumb Code    14  handlers.o(i.__scatterload_zeroinit)
    __set_errno                              0x08003e29   Thumb Code     6  errno.o(i.__set_errno)
    atan                                     0x08004759   Thumb Code    16  atan.o(i.atan)
    dmp_enable_6x_lp_quat                    0x08004769   Thumb Code    58  inv_mpu_dmp_motion_driver.o(i.dmp_enable_6x_lp_quat)
    dmp_enable_feature                       0x080047a5   Thumb Code   464  inv_mpu_dmp_motion_driver.o(i.dmp_enable_feature)
    dmp_enable_gyro_cal                      0x0800497d   Thumb Code    34  inv_mpu_dmp_motion_driver.o(i.dmp_enable_gyro_cal)
    dmp_enable_lp_quat                       0x080049b9   Thumb Code    58  inv_mpu_dmp_motion_driver.o(i.dmp_enable_lp_quat)
    dmp_load_motion_driver_firmware          0x080049f5   Thumb Code    16  inv_mpu_dmp_motion_driver.o(i.dmp_load_motion_driver_firmware)
    dmp_read_fifo                            0x08004a09   Thumb Code   356  inv_mpu_dmp_motion_driver.o(i.dmp_read_fifo)
    dmp_set_accel_bias                       0x08004b71   Thumb Code   210  inv_mpu_dmp_motion_driver.o(i.dmp_set_accel_bias)
    dmp_set_fifo_rate                        0x08004c49   Thumb Code    82  inv_mpu_dmp_motion_driver.o(i.dmp_set_fifo_rate)
    dmp_set_gyro_bias                        0x08004cad   Thumb Code   196  inv_mpu_dmp_motion_driver.o(i.dmp_set_gyro_bias)
    dmp_set_orientation                      0x08004d79   Thumb Code   246  inv_mpu_dmp_motion_driver.o(i.dmp_set_orientation)
    dmp_set_shake_reject_thresh              0x08004e85   Thumb Code    48  inv_mpu_dmp_motion_driver.o(i.dmp_set_shake_reject_thresh)
    dmp_set_shake_reject_time                0x08004eb5   Thumb Code    32  inv_mpu_dmp_motion_driver.o(i.dmp_set_shake_reject_time)
    dmp_set_shake_reject_timeout             0x08004ed5   Thumb Code    32  inv_mpu_dmp_motion_driver.o(i.dmp_set_shake_reject_timeout)
    dmp_set_tap_axes                         0x08004ef5   Thumb Code    64  inv_mpu_dmp_motion_driver.o(i.dmp_set_tap_axes)
    dmp_set_tap_count                        0x08004f35   Thumb Code    34  inv_mpu_dmp_motion_driver.o(i.dmp_set_tap_count)
    dmp_set_tap_thresh                       0x08004f59   Thumb Code   314  inv_mpu_dmp_motion_driver.o(i.dmp_set_tap_thresh)
    dmp_set_tap_time                         0x080050b9   Thumb Code    32  inv_mpu_dmp_motion_driver.o(i.dmp_set_tap_time)
    dmp_set_tap_time_multi                   0x080050d9   Thumb Code    32  inv_mpu_dmp_motion_driver.o(i.dmp_set_tap_time_multi)
    esp8266_config_network                   0x080050f9   Thumb Code    80  esp8266.o(i.esp8266_config_network)
    esp8266_connect_server                   0x08005179   Thumb Code    80  esp8266.o(i.esp8266_connect_server)
    esp8266_init                             0x080051dd   Thumb Code   182  esp8266.o(i.esp8266_init)
    esp8266_reset                            0x080054c1   Thumb Code    82  esp8266.o(i.esp8266_reset)
    esp8266_send_cmd                         0x08005531   Thumb Code   102  esp8266.o(i.esp8266_send_cmd)
    esp8266_send_msg                         0x080055a5   Thumb Code   230  esp8266.o(i.esp8266_send_msg)
    esp8266_send_msg1                        0x080056d1   Thumb Code   196  esp8266.o(i.esp8266_send_msg1)
    esp8266_send_msg2                        0x080057cd   Thumb Code   188  esp8266.o(i.esp8266_send_msg2)
    esp8266_send_msg3                        0x080058c1   Thumb Code   188  esp8266.o(i.esp8266_send_msg3)
    fabs                                     0x080059b5   Thumb Code    24  fabs.o(i.fabs)
    fputc                                    0x080059cd   Thumb Code    20  usart.o(i.fputc)
    inv_orientation_matrix_to_scalar         0x08005e81   Thumb Code    34  inv_mpu.o(i.inv_orientation_matrix_to_scalar)
    inv_row_2_scale                          0x08005ea3   Thumb Code    72  inv_mpu.o(i.inv_row_2_scale)
    main                                     0x08005eed   Thumb Code   774  main.o(i.main)
    mget_ms                                  0x08006259   Thumb Code     2  inv_mpu.o(i.mget_ms)
    mpu_configure_fifo                       0x0800625d   Thumb Code    78  inv_mpu.o(i.mpu_configure_fifo)
    mpu_dmp_get_data                         0x080062b1   Thumb Code   344  inv_mpu.o(i.mpu_dmp_get_data)
    mpu_dmp_init                             0x08006415   Thumb Code   160  inv_mpu.o(i.mpu_dmp_init)
    mpu_get_accel_fsr                        0x080064b9   Thumb Code    54  inv_mpu.o(i.mpu_get_accel_fsr)
    mpu_get_accel_sens                       0x080064f5   Thumb Code    62  inv_mpu.o(i.mpu_get_accel_sens)
    mpu_get_gyro_fsr                         0x08006539   Thumb Code    48  inv_mpu.o(i.mpu_get_gyro_fsr)
    mpu_get_gyro_sens                        0x0800656d   Thumb Code    54  inv_mpu.o(i.mpu_get_gyro_sens)
    mpu_get_lpf                              0x080065b9   Thumb Code    52  inv_mpu.o(i.mpu_get_lpf)
    mpu_get_sample_rate                      0x080065f1   Thumb Code    22  inv_mpu.o(i.mpu_get_sample_rate)
    mpu_init                                 0x0800660d   Thumb Code   310  inv_mpu.o(i.mpu_init)
    mpu_load_firmware                        0x08006795   Thumb Code   154  inv_mpu.o(i.mpu_load_firmware)
    mpu_lp_accel_mode                        0x08006835   Thumb Code   178  inv_mpu.o(i.mpu_lp_accel_mode)
    mpu_read_fifo_stream                     0x080068ed   Thumb Code   140  inv_mpu.o(i.mpu_read_fifo_stream)
    mpu_read_mem                             0x0800697d   Thumb Code    80  inv_mpu.o(i.mpu_read_mem)
    mpu_reset_fifo                           0x080069d1   Thumb Code   346  inv_mpu.o(i.mpu_reset_fifo)
    mpu_run_self_test                        0x08006b31   Thumb Code   234  inv_mpu.o(i.mpu_run_self_test)
    mpu_set_accel_fsr                        0x08006c21   Thumb Code    98  inv_mpu.o(i.mpu_set_accel_fsr)
    mpu_set_bypass                           0x08006c89   Thumb Code   214  inv_mpu.o(i.mpu_set_bypass)
    mpu_set_dmp_state                        0x08006d65   Thumb Code   114  inv_mpu.o(i.mpu_set_dmp_state)
    mpu_set_gyro_fsr                         0x08006ddd   Thumb Code   104  inv_mpu.o(i.mpu_set_gyro_fsr)
    mpu_set_int_latched                      0x08006e49   Thumb Code    94  inv_mpu.o(i.mpu_set_int_latched)
    mpu_set_lpf                              0x08006ead   Thumb Code   102  inv_mpu.o(i.mpu_set_lpf)
    mpu_set_sample_rate                      0x08006f19   Thumb Code   124  inv_mpu.o(i.mpu_set_sample_rate)
    mpu_set_sensors                          0x08006f99   Thumb Code   178  inv_mpu.o(i.mpu_set_sensors)
    mpu_write_mem                            0x08007051   Thumb Code    80  inv_mpu.o(i.mpu_write_mem)
    readMux1                                 0x080070a5   Thumb Code    70  main.o(i.readMux1)
    readMux2                                 0x080070f5   Thumb Code    70  main.o(i.readMux2)
    run_self_test                            0x08007145   Thumb Code   136  inv_mpu.o(i.run_self_test)
    sqrt                                     0x08007225   Thumb Code   110  sqrt.o(i.sqrt)
    uart3_receiver_clear                     0x08007295   Thumb Code    22  esp8266.o(i.uart3_receiver_clear)
    reg                                      0x080072b4   Data          27  inv_mpu.o(.constdata)
    hw                                       0x080072d0   Data          12  inv_mpu.o(.constdata)
    test                                     0x080072dc   Data          40  inv_mpu.o(.constdata)
    AHBPrescTable                            0x0800811c   Data          16  system_stm32f4xx.o(.constdata)
    APBPrescTable                            0x0800812c   Data           8  system_stm32f4xx.o(.constdata)
    __mathlib_zero                           0x08008228   Data           8  qnan.o(.constdata)
    Region$$Table$$Base                      0x0800875c   Number         0  anon$$obj.o(Region$$Table)
    Region$$Table$$Limit                     0x0800877c   Number         0  anon$$obj.o(Region$$Table)
    j                                        0x20000038   Data           1  main.o(.data)
    aacx                                     0x2000003a   Data           2  main.o(.data)
    aacy                                     0x2000003c   Data           2  main.o(.data)
    aacz                                     0x2000003e   Data           2  main.o(.data)
    gyrox                                    0x20000040   Data           2  main.o(.data)
    gyroy                                    0x20000042   Data           2  main.o(.data)
    gyroz                                    0x20000044   Data           2  main.o(.data)
    pitch                                    0x20000048   Data           4  main.o(.data)
    roll                                     0x2000004c   Data           4  main.o(.data)
    yaw                                      0x20000050   Data           4  main.o(.data)
    temp                                     0x20000054   Data           4  main.o(.data)
    SystemCoreClock                          0x20000058   Data           4  system_stm32f4xx.o(.data)
    uwTickFreq                               0x2000005c   Data           1  stm32f4xx_hal.o(.data)
    uwTickPrio                               0x20000060   Data           4  stm32f4xx_hal.o(.data)
    uwTick                                   0x20000064   Data           4  stm32f4xx_hal.o(.data)
    receive_start                            0x20000068   Data           1  esp8266.o(.data)
    receive_count                            0x2000006e   Data           2  esp8266.o(.data)
    receive_finish                           0x20000070   Data           2  esp8266.o(.data)
    __stdout                                 0x20000074   Data           4  stdout.o(.data)
    ADC_1                                    0x20000090   Data          64  main.o(.bss)
    ADC_2                                    0x200000d0   Data         128  main.o(.bss)
    ADC_ConvertedValue                       0x20000150   Data          18  adc.o(.bss)
    DMA_Init_Handle                          0x20000164   Data          96  adc.o(.bss)
    ADC_Handle                               0x200001c4   Data          72  adc.o(.bss)
    ADC_Config                               0x2000020c   Data          16  adc.o(.bss)
    hi2c1                                    0x2000021c   Data          84  i2c.o(.bss)
    huart1                                   0x20000270   Data          64  usart.o(.bss)
    huart3                                   0x200002b0   Data          64  usart.o(.bss)
    receive_buf                              0x200002f0   Data         512  esp8266.o(.bss)
    __initial_sp                             0x200008f0   Data           0  startup_stm32f407xx.o(STACK)



==============================================================================

Memory Map of the image

  Image Entry point : 0x08000189

  Load Region LR_IROM1 (Base: 0x08000000, Size: 0x000087f8, Max: 0x00100000, ABSOLUTE)

    Execution Region ER_IROM1 (Exec base: 0x08000000, Load base: 0x08000000, Size: 0x0000877c, Max: 0x00100000, ABSOLUTE)

    Exec Addr    Load Addr    Size         Type   Attr      Idx    E Section Name        Object

    0x08000000   0x08000000   0x00000188   Data   RO            3    RESET               startup_stm32f407xx.o
    0x08000188   0x08000188   0x00000000   Code   RO         3767  * .ARM.Collect$$$$00000000  mc_w.l(entry.o)
    0x08000188   0x08000188   0x00000004   Code   RO         4118    .ARM.Collect$$$$00000001  mc_w.l(entry2.o)
    0x0800018c   0x0800018c   0x00000004   Code   RO         4121    .ARM.Collect$$$$00000004  mc_w.l(entry5.o)
    0x08000190   0x08000190   0x00000000   Code   RO         4123    .ARM.Collect$$$$00000008  mc_w.l(entry7b.o)
    0x08000190   0x08000190   0x00000000   Code   RO         4125    .ARM.Collect$$$$0000000A  mc_w.l(entry8b.o)
    0x08000190   0x08000190   0x00000008   Code   RO         4126    .ARM.Collect$$$$0000000B  mc_w.l(entry9a.o)
    0x08000198   0x08000198   0x00000004   Code   RO         4133    .ARM.Collect$$$$0000000E  mc_w.l(entry12b.o)
    0x0800019c   0x0800019c   0x00000000   Code   RO         4128    .ARM.Collect$$$$0000000F  mc_w.l(entry10a.o)
    0x0800019c   0x0800019c   0x00000000   Code   RO         4130    .ARM.Collect$$$$00000011  mc_w.l(entry11a.o)
    0x0800019c   0x0800019c   0x00000004   Code   RO         4119    .ARM.Collect$$$$00002712  mc_w.l(entry2.o)
    0x080001a0   0x080001a0   0x00000024   Code   RO            4    .text               startup_stm32f407xx.o
    0x080001c4   0x080001c4   0x00000062   Code   RO         3770    .text               mc_w.l(uldiv.o)
    0x08000226   0x08000226   0x00000062   Code   RO         3772    .text               mc_w.l(ldiv.o)
    0x08000288   0x08000288   0x00000024   Code   RO         3776    .text               mc_w.l(memcpya.o)
    0x080002ac   0x080002ac   0x00000024   Code   RO         3778    .text               mc_w.l(memseta.o)
    0x080002d0   0x080002d0   0x00000024   Code   RO         3780    .text               mc_w.l(strstr.o)
    0x080002f4   0x080002f4   0x0000000e   Code   RO         3782    .text               mc_w.l(strlen.o)
    0x08000302   0x08000302   0x0000001a   Code   RO         3784    .text               mc_w.l(memcmp.o)
    0x0800031c   0x0800031c   0x0000014e   Code   RO         4055    .text               mf_w.l(dadd.o)
    0x0800046a   0x0800046a   0x000000e4   Code   RO         4057    .text               mf_w.l(dmul.o)
    0x0800054e   0x0800054e   0x000000de   Code   RO         4059    .text               mf_w.l(ddiv.o)
    0x0800062c   0x0800062c   0x00000022   Code   RO         4061    .text               mf_w.l(dflti.o)
    0x0800064e   0x0800064e   0x00000026   Code   RO         4063    .text               mf_w.l(f2d.o)
    0x08000674   0x08000674   0x00000038   Code   RO         4065    .text               mf_w.l(d2f.o)
    0x080006ac   0x080006ac   0x0000002c   Code   RO         4135    .text               mc_w.l(uidiv.o)
    0x080006d8   0x080006d8   0x0000001e   Code   RO         4137    .text               mc_w.l(llshl.o)
    0x080006f6   0x080006f6   0x00000020   Code   RO         4139    .text               mc_w.l(llushr.o)
    0x08000716   0x08000716   0x00000024   Code   RO         4141    .text               mc_w.l(llsshr.o)
    0x0800073a   0x0800073a   0x00000000   Code   RO         4156    .text               mc_w.l(iusefp.o)
    0x0800073a   0x0800073a   0x0000006e   Code   RO         4157    .text               mf_w.l(fepilogue.o)
    0x080007a8   0x080007a8   0x000000ba   Code   RO         4159    .text               mf_w.l(depilogue.o)
    0x08000862   0x08000862   0x00000030   Code   RO         4163    .text               mf_w.l(dfixul.o)
    0x08000892   0x08000892   0x00000002   PAD
    0x08000894   0x08000894   0x00000030   Code   RO         4165    .text               mf_w.l(cdcmple.o)
    0x080008c4   0x080008c4   0x00000030   Code   RO         4167    .text               mf_w.l(cdrcmple.o)
    0x080008f4   0x080008f4   0x00000024   Code   RO         4169    .text               mc_w.l(init.o)
    0x08000918   0x08000918   0x000000a2   Code   RO         4175    .text               mf_w.l(dsqrt.o)
    0x080009ba   0x080009ba   0x00000074   Code   RO         1206    i.ADC_DMAConvCplt   stm32f4xx_hal_adc.o
    0x08000a2e   0x08000a2e   0x00000016   Code   RO         1207    i.ADC_DMAError      stm32f4xx_hal_adc.o
    0x08000a44   0x08000a44   0x0000000a   Code   RO         1208    i.ADC_DMAHalfConvCplt  stm32f4xx_hal_adc.o
    0x08000a4e   0x08000a4e   0x00000002   PAD
    0x08000a50   0x08000a50   0x00000130   Code   RO         1209    i.ADC_Init          stm32f4xx_hal_adc.o
    0x08000b80   0x08000b80   0x00000002   Code   RO         1062    i.BusFault_Handler  stm32f4xx_it.o
    0x08000b82   0x08000b82   0x00000002   PAD
    0x08000b84   0x08000b84   0x00000034   Code   RO         1985    i.DMA_CalcBaseAndBitshift  stm32f4xx_hal_dma.o
    0x08000bb8   0x08000bb8   0x0000007e   Code   RO         1986    i.DMA_CheckFifoParam  stm32f4xx_hal_dma.o
    0x08000c36   0x08000c36   0x00000038   Code   RO         1987    i.DMA_SetConfig     stm32f4xx_hal_dma.o
    0x08000c6e   0x08000c6e   0x00000002   Code   RO         1063    i.DebugMon_Handler  stm32f4xx_it.o
    0x08000c70   0x08000c70   0x00000002   Code   RO          765    i.Error_Handler     main.o
    0x08000c72   0x08000c72   0x00000002   PAD
    0x08000c74   0x08000c74   0x00000174   Code   RO         1211    i.HAL_ADC_ConfigChannel  stm32f4xx_hal_adc.o
    0x08000de8   0x08000de8   0x00000002   Code   RO         1212    i.HAL_ADC_ConvCpltCallback  stm32f4xx_hal_adc.o
    0x08000dea   0x08000dea   0x00000002   Code   RO         1213    i.HAL_ADC_ConvHalfCpltCallback  stm32f4xx_hal_adc.o
    0x08000dec   0x08000dec   0x00000002   Code   RO         1215    i.HAL_ADC_ErrorCallback  stm32f4xx_hal_adc.o
    0x08000dee   0x08000dee   0x00000056   Code   RO         1220    i.HAL_ADC_Init      stm32f4xx_hal_adc.o
    0x08000e44   0x08000e44   0x00000002   Code   RO         1223    i.HAL_ADC_MspInit   stm32f4xx_hal_adc.o
    0x08000e46   0x08000e46   0x00000002   PAD
    0x08000e48   0x08000e48   0x00000168   Code   RO         1227    i.HAL_ADC_Start_DMA  stm32f4xx_hal_adc.o
    0x08000fb0   0x08000fb0   0x00000024   Code   RO         1989    i.HAL_DMA_Abort_IT  stm32f4xx_hal_dma.o
    0x08000fd4   0x08000fd4   0x000000ec   Code   RO         1994    i.HAL_DMA_Init      stm32f4xx_hal_dma.o
    0x080010c0   0x080010c0   0x0000004a   Code   RO         1997    i.HAL_DMA_Start     stm32f4xx_hal_dma.o
    0x0800110a   0x0800110a   0x00000070   Code   RO         1998    i.HAL_DMA_Start_IT  stm32f4xx_hal_dma.o
    0x0800117a   0x0800117a   0x00000002   PAD
    0x0800117c   0x0800117c   0x00000028   Code   RO         2402    i.HAL_Delay         stm32f4xx_hal.o
    0x080011a4   0x080011a4   0x00000258   Code   RO         1881    i.HAL_GPIO_Init     stm32f4xx_hal_gpio.o
    0x080013fc   0x080013fc   0x0000000e   Code   RO         1885    i.HAL_GPIO_WritePin  stm32f4xx_hal_gpio.o
    0x0800140a   0x0800140a   0x00000002   PAD
    0x0800140c   0x0800140c   0x0000000c   Code   RO         2408    i.HAL_GetTick       stm32f4xx_hal.o
    0x08001418   0x08001418   0x000001ac   Code   RO         2664    i.HAL_I2C_Init      stm32f4xx_hal_i2c.o
    0x080015c4   0x080015c4   0x000002c0   Code   RO         2682    i.HAL_I2C_Mem_Read  stm32f4xx_hal_i2c.o
    0x08001884   0x08001884   0x00000174   Code   RO         2685    i.HAL_I2C_Mem_Write  stm32f4xx_hal_i2c.o
    0x080019f8   0x080019f8   0x0000006c   Code   RO          961    i.HAL_I2C_MspInit   i2c.o
    0x08001a64   0x08001a64   0x00000010   Code   RO         2414    i.HAL_IncTick       stm32f4xx_hal.o
    0x08001a74   0x08001a74   0x00000034   Code   RO         2415    i.HAL_Init          stm32f4xx_hal.o
    0x08001aa8   0x08001aa8   0x00000044   Code   RO         2416    i.HAL_InitTick      stm32f4xx_hal.o
    0x08001aec   0x08001aec   0x00000030   Code   RO         1144    i.HAL_MspInit       stm32f4xx_hal_msp.o
    0x08001b1c   0x08001b1c   0x0000001c   Code   RO         2270    i.HAL_NVIC_EnableIRQ  stm32f4xx_hal_cortex.o
    0x08001b38   0x08001b38   0x00000068   Code   RO         2276    i.HAL_NVIC_SetPriority  stm32f4xx_hal_cortex.o
    0x08001ba0   0x08001ba0   0x00000024   Code   RO         2277    i.HAL_NVIC_SetPriorityGrouping  stm32f4xx_hal_cortex.o
    0x08001bc4   0x08001bc4   0x0000017c   Code   RO         1482    i.HAL_RCC_ClockConfig  stm32f4xx_hal_rcc.o
    0x08001d40   0x08001d40   0x0000000c   Code   RO         1487    i.HAL_RCC_GetHCLKFreq  stm32f4xx_hal_rcc.o
    0x08001d4c   0x08001d4c   0x00000020   Code   RO         1489    i.HAL_RCC_GetPCLK1Freq  stm32f4xx_hal_rcc.o
    0x08001d6c   0x08001d6c   0x00000020   Code   RO         1490    i.HAL_RCC_GetPCLK2Freq  stm32f4xx_hal_rcc.o
    0x08001d8c   0x08001d8c   0x0000006c   Code   RO         1491    i.HAL_RCC_GetSysClockFreq  stm32f4xx_hal_rcc.o
    0x08001df8   0x08001df8   0x00000476   Code   RO         1494    i.HAL_RCC_OscConfig  stm32f4xx_hal_rcc.o
    0x0800226e   0x0800226e   0x00000002   PAD
    0x08002270   0x08002270   0x00000028   Code   RO         2281    i.HAL_SYSTICK_Config  stm32f4xx_hal_cortex.o
    0x08002298   0x08002298   0x00000002   Code   RO         3195    i.HAL_UART_ErrorCallback  stm32f4xx_hal_uart.o
    0x0800229a   0x0800229a   0x00000002   PAD
    0x0800229c   0x0800229c   0x00000144   Code   RO         3198    i.HAL_UART_IRQHandler  stm32f4xx_hal_uart.o
    0x080023e0   0x080023e0   0x00000064   Code   RO         3199    i.HAL_UART_Init     stm32f4xx_hal_uart.o
    0x08002444   0x08002444   0x000000b8   Code   RO         1003    i.HAL_UART_MspInit  usart.o
    0x080024fc   0x080024fc   0x00000002   Code   RO         3205    i.HAL_UART_RxCpltCallback  stm32f4xx_hal_uart.o
    0x080024fe   0x080024fe   0x000000e0   Code   RO         3207    i.HAL_UART_Transmit  stm32f4xx_hal_uart.o
    0x080025de   0x080025de   0x00000002   Code   RO         3210    i.HAL_UART_TxCpltCallback  stm32f4xx_hal_uart.o
    0x080025e0   0x080025e0   0x00000002   Code   RO         1064    i.HardFault_Handler  stm32f4xx_it.o
    0x080025e2   0x080025e2   0x00000032   Code   RO         2707    i.I2C_IsAcknowledgeFailed  stm32f4xx_hal_i2c.o
    0x08002614   0x08002614   0x00000154   Code   RO         2718    i.I2C_RequestMemoryRead  stm32f4xx_hal_i2c.o
    0x08002768   0x08002768   0x000000d0   Code   RO         2719    i.I2C_RequestMemoryWrite  stm32f4xx_hal_i2c.o
    0x08002838   0x08002838   0x0000005c   Code   RO         2727    i.I2C_WaitOnBTFFlagUntilTimeout  stm32f4xx_hal_i2c.o
    0x08002894   0x08002894   0x000000b4   Code   RO         2728    i.I2C_WaitOnFlagUntilTimeout  stm32f4xx_hal_i2c.o
    0x08002948   0x08002948   0x000000ce   Code   RO         2729    i.I2C_WaitOnMasterAddressFlagUntilTimeout  stm32f4xx_hal_i2c.o
    0x08002a16   0x08002a16   0x0000007c   Code   RO         2730    i.I2C_WaitOnRXNEFlagUntilTimeout  stm32f4xx_hal_i2c.o
    0x08002a92   0x08002a92   0x0000005c   Code   RO         2732    i.I2C_WaitOnTXEFlagUntilTimeout  stm32f4xx_hal_i2c.o
    0x08002aee   0x08002aee   0x00000032   Code   RO           13    i.MPU_Get_Accelerometer  mpu6050.o
    0x08002b20   0x08002b20   0x00000032   Code   RO           14    i.MPU_Get_Gyroscope  mpu6050.o
    0x08002b52   0x08002b52   0x00000002   PAD
    0x08002b54   0x08002b54   0x00000064   Code   RO           15    i.MPU_Get_Temperature  mpu6050.o
    0x08002bb8   0x08002bb8   0x00000078   Code   RO           16    i.MPU_Init          mpu6050.o
    0x08002c30   0x08002c30   0x00000028   Code   RO           17    i.MPU_Read_Byte     mpu6050.o
    0x08002c58   0x08002c58   0x00000020   Code   RO           18    i.MPU_Read_Len      mpu6050.o
    0x08002c78   0x08002c78   0x0000000a   Code   RO           19    i.MPU_Set_Accel_Fsr  mpu6050.o
    0x08002c82   0x08002c82   0x0000000a   Code   RO           20    i.MPU_Set_Gyro_Fsr  mpu6050.o
    0x08002c8c   0x08002c8c   0x00000030   Code   RO           21    i.MPU_Set_LPF       mpu6050.o
    0x08002cbc   0x08002cbc   0x0000002e   Code   RO           22    i.MPU_Set_Rate      mpu6050.o
    0x08002cea   0x08002cea   0x00000002   PAD
    0x08002cec   0x08002cec   0x00000024   Code   RO           23    i.MPU_Write_Byte    mpu6050.o
    0x08002d10   0x08002d10   0x00000020   Code   RO           24    i.MPU_Write_Len     mpu6050.o
    0x08002d30   0x08002d30   0x0000007c   Code   RO          899    i.MX_GPIO_Init      gpio.o
    0x08002dac   0x08002dac   0x00000040   Code   RO          962    i.MX_I2C1_Init      i2c.o
    0x08002dec   0x08002dec   0x00000038   Code   RO         1004    i.MX_USART1_UART_Init  usart.o
    0x08002e24   0x08002e24   0x00000038   Code   RO         1005    i.MX_USART3_UART_Init  usart.o
    0x08002e5c   0x08002e5c   0x00000002   Code   RO         1065    i.MemManage_Handler  stm32f4xx_it.o
    0x08002e5e   0x08002e5e   0x00000002   Code   RO         1066    i.NMI_Handler       stm32f4xx_it.o
    0x08002e60   0x08002e60   0x00000002   Code   RO         1067    i.PendSV_Handler    stm32f4xx_it.o
    0x08002e62   0x08002e62   0x00000002   PAD
    0x08002e64   0x08002e64   0x0000007c   Code   RO          923    i.Rheostat_ADC_GPIO_Config  adc.o
    0x08002ee0   0x08002ee0   0x000000f4   Code   RO          924    i.Rheostat_ADC_Mode_Config  adc.o
    0x08002fd4   0x08002fd4   0x0000000e   Code   RO          925    i.Rheostat_Init     adc.o
    0x08002fe2   0x08002fe2   0x00000002   Code   RO         1068    i.SVC_Handler       stm32f4xx_it.o
    0x08002fe4   0x08002fe4   0x00000004   Code   RO         1069    i.SysTick_Handler   stm32f4xx_it.o
    0x08002fe8   0x08002fe8   0x00000084   Code   RO          766    i.SystemClock_Config  main.o
    0x0800306c   0x0800306c   0x0000001c   Code   RO         1169    i.SystemInit        system_stm32f4xx.o
    0x08003088   0x08003088   0x00000010   Code   RO         3212    i.UART_DMAAbortOnError  stm32f4xx_hal_uart.o
    0x08003098   0x08003098   0x0000001c   Code   RO         3222    i.UART_EndRxTransfer  stm32f4xx_hal_uart.o
    0x080030b4   0x080030b4   0x0000001a   Code   RO         3223    i.UART_EndTransmit_IT  stm32f4xx_hal_uart.o
    0x080030ce   0x080030ce   0x0000009c   Code   RO         3225    i.UART_Receive_IT   stm32f4xx_hal_uart.o
    0x0800316a   0x0800316a   0x00000002   PAD
    0x0800316c   0x0800316c   0x0000019c   Code   RO         3226    i.UART_SetConfig    stm32f4xx_hal_uart.o
    0x08003308   0x08003308   0x00000066   Code   RO         3227    i.UART_Transmit_IT  stm32f4xx_hal_uart.o
    0x0800336e   0x0800336e   0x00000078   Code   RO         3228    i.UART_WaitOnFlagUntilTimeout  stm32f4xx_hal_uart.o
    0x080033e6   0x080033e6   0x00000002   PAD
    0x080033e8   0x080033e8   0x0000000c   Code   RO         1070    i.USART3_IRQHandler  stm32f4xx_it.o
    0x080033f4   0x080033f4   0x00000002   Code   RO         1071    i.UsageFault_Handler  stm32f4xx_it.o
    0x080033f6   0x080033f6   0x00000002   PAD
    0x080033f8   0x080033f8   0x00000020   Code   RO         4021    i.__0printf         mc_w.l(printfa.o)
    0x08003418   0x08003418   0x00000028   Code   RO         4023    i.__0sprintf        mc_w.l(printfa.o)
    0x08003440   0x08003440   0x00000030   Code   RO         4101    i.__ARM_fpclassify  m_wm.l(fpclassify.o)
    0x08003470   0x08003470   0x00000360   Code   RO         3741    i.__hardfp_asin     m_wm.l(asin.o)
    0x080037d0   0x080037d0   0x000002d8   Code   RO         4067    i.__hardfp_atan     m_wm.l(atan.o)
    0x08003aa8   0x08003aa8   0x00000200   Code   RO         3755    i.__hardfp_atan2    m_wm.l(atan2.o)
    0x08003ca8   0x08003ca8   0x000000f8   Code   RO         4103    i.__kernel_poly     m_wm.l(poly.o)
    0x08003da0   0x08003da0   0x00000014   Code   RO         4082    i.__mathlib_dbl_infnan  m_wm.l(dunder.o)
    0x08003db4   0x08003db4   0x00000014   Code   RO         4083    i.__mathlib_dbl_infnan2  m_wm.l(dunder.o)
    0x08003dc8   0x08003dc8   0x00000020   Code   RO         4084    i.__mathlib_dbl_invalid  m_wm.l(dunder.o)
    0x08003de8   0x08003de8   0x00000020   Code   RO         4087    i.__mathlib_dbl_underflow  m_wm.l(dunder.o)
    0x08003e08   0x08003e08   0x0000000e   Code   RO         4182    i.__scatterload_copy  mc_w.l(handlers.o)
    0x08003e16   0x08003e16   0x00000002   Code   RO         4183    i.__scatterload_null  mc_w.l(handlers.o)
    0x08003e18   0x08003e18   0x0000000e   Code   RO         4184    i.__scatterload_zeroinit  mc_w.l(handlers.o)
    0x08003e26   0x08003e26   0x00000002   PAD
    0x08003e28   0x08003e28   0x0000000c   Code   RO         4145    i.__set_errno       mc_w.l(errno.o)
    0x08003e34   0x08003e34   0x00000184   Code   RO         4028    i._fp_digits        mc_w.l(printfa.o)
    0x08003fb8   0x08003fb8   0x000006b4   Code   RO         4029    i._printf_core      mc_w.l(printfa.o)
    0x0800466c   0x0800466c   0x00000024   Code   RO         4030    i._printf_post_padding  mc_w.l(printfa.o)
    0x08004690   0x08004690   0x0000002e   Code   RO         4031    i._printf_pre_padding  mc_w.l(printfa.o)
    0x080046be   0x080046be   0x0000000a   Code   RO         4033    i._sputc            mc_w.l(printfa.o)
    0x080046c8   0x080046c8   0x00000090   Code   RO          218    i.accel_self_test   inv_mpu.o
    0x08004758   0x08004758   0x00000010   Code   RO         4069    i.atan              m_wm.l(atan.o)
    0x08004768   0x08004768   0x0000003a   Code   RO          573    i.dmp_enable_6x_lp_quat  inv_mpu_dmp_motion_driver.o
    0x080047a2   0x080047a2   0x00000002   PAD
    0x080047a4   0x080047a4   0x000001d8   Code   RO          574    i.dmp_enable_feature  inv_mpu_dmp_motion_driver.o
    0x0800497c   0x0800497c   0x0000003c   Code   RO          575    i.dmp_enable_gyro_cal  inv_mpu_dmp_motion_driver.o
    0x080049b8   0x080049b8   0x0000003a   Code   RO          576    i.dmp_enable_lp_quat  inv_mpu_dmp_motion_driver.o
    0x080049f2   0x080049f2   0x00000002   PAD
    0x080049f4   0x080049f4   0x00000014   Code   RO          581    i.dmp_load_motion_driver_firmware  inv_mpu_dmp_motion_driver.o
    0x08004a08   0x08004a08   0x00000168   Code   RO          582    i.dmp_read_fifo     inv_mpu_dmp_motion_driver.o
    0x08004b70   0x08004b70   0x000000d8   Code   RO          585    i.dmp_set_accel_bias  inv_mpu_dmp_motion_driver.o
    0x08004c48   0x08004c48   0x00000064   Code   RO          586    i.dmp_set_fifo_rate  inv_mpu_dmp_motion_driver.o
    0x08004cac   0x08004cac   0x000000cc   Code   RO          587    i.dmp_set_gyro_bias  inv_mpu_dmp_motion_driver.o
    0x08004d78   0x08004d78   0x0000010c   Code   RO          589    i.dmp_set_orientation  inv_mpu_dmp_motion_driver.o
    0x08004e84   0x08004e84   0x00000030   Code   RO          592    i.dmp_set_shake_reject_thresh  inv_mpu_dmp_motion_driver.o
    0x08004eb4   0x08004eb4   0x00000020   Code   RO          593    i.dmp_set_shake_reject_time  inv_mpu_dmp_motion_driver.o
    0x08004ed4   0x08004ed4   0x00000020   Code   RO          594    i.dmp_set_shake_reject_timeout  inv_mpu_dmp_motion_driver.o
    0x08004ef4   0x08004ef4   0x00000040   Code   RO          595    i.dmp_set_tap_axes  inv_mpu_dmp_motion_driver.o
    0x08004f34   0x08004f34   0x00000022   Code   RO          596    i.dmp_set_tap_count  inv_mpu_dmp_motion_driver.o
    0x08004f56   0x08004f56   0x00000002   PAD
    0x08004f58   0x08004f58   0x00000160   Code   RO          597    i.dmp_set_tap_thresh  inv_mpu_dmp_motion_driver.o
    0x080050b8   0x080050b8   0x00000020   Code   RO          598    i.dmp_set_tap_time  inv_mpu_dmp_motion_driver.o
    0x080050d8   0x080050d8   0x00000020   Code   RO          599    i.dmp_set_tap_time_multi  inv_mpu_dmp_motion_driver.o
    0x080050f8   0x080050f8   0x00000080   Code   RO         3505    i.esp8266_config_network  esp8266.o
    0x08005178   0x08005178   0x00000064   Code   RO         3506    i.esp8266_connect_server  esp8266.o
    0x080051dc   0x080051dc   0x000002e4   Code   RO         3507    i.esp8266_init      esp8266.o
    0x080054c0   0x080054c0   0x00000070   Code   RO         3509    i.esp8266_reset     esp8266.o
    0x08005530   0x08005530   0x00000074   Code   RO         3510    i.esp8266_send_cmd  esp8266.o
    0x080055a4   0x080055a4   0x0000012c   Code   RO         3511    i.esp8266_send_msg  esp8266.o
    0x080056d0   0x080056d0   0x000000fc   Code   RO         3512    i.esp8266_send_msg1  esp8266.o
    0x080057cc   0x080057cc   0x000000f4   Code   RO         3513    i.esp8266_send_msg2  esp8266.o
    0x080058c0   0x080058c0   0x000000f4   Code   RO         3514    i.esp8266_send_msg3  esp8266.o
    0x080059b4   0x080059b4   0x00000018   Code   RO         4097    i.fabs              m_wm.l(fabs.o)
    0x080059cc   0x080059cc   0x00000018   Code   RO         1007    i.fputc             usart.o
    0x080059e4   0x080059e4   0x000000b4   Code   RO          219    i.get_accel_prod_shift  inv_mpu.o
    0x08005a98   0x08005a98   0x00000314   Code   RO          220    i.get_st_biases     inv_mpu.o
    0x08005dac   0x08005dac   0x000000d4   Code   RO          221    i.gyro_self_test    inv_mpu.o
    0x08005e80   0x08005e80   0x00000022   Code   RO          222    i.inv_orientation_matrix_to_scalar  inv_mpu.o
    0x08005ea2   0x08005ea2   0x00000048   Code   RO          223    i.inv_row_2_scale   inv_mpu.o
    0x08005eea   0x08005eea   0x00000002   PAD
    0x08005eec   0x08005eec   0x0000036c   Code   RO          767    i.main              main.o
    0x08006258   0x08006258   0x00000002   Code   RO          224    i.mget_ms           inv_mpu.o
    0x0800625a   0x0800625a   0x00000002   PAD
    0x0800625c   0x0800625c   0x00000054   Code   RO          225    i.mpu_configure_fifo  inv_mpu.o
    0x080062b0   0x080062b0   0x00000164   Code   RO          226    i.mpu_dmp_get_data  inv_mpu.o
    0x08006414   0x08006414   0x000000a4   Code   RO          227    i.mpu_dmp_init      inv_mpu.o
    0x080064b8   0x080064b8   0x0000003c   Code   RO          228    i.mpu_get_accel_fsr  inv_mpu.o
    0x080064f4   0x080064f4   0x00000044   Code   RO          230    i.mpu_get_accel_sens  inv_mpu.o
    0x08006538   0x08006538   0x00000034   Code   RO          236    i.mpu_get_gyro_fsr  inv_mpu.o
    0x0800656c   0x0800656c   0x0000004c   Code   RO          238    i.mpu_get_gyro_sens  inv_mpu.o
    0x080065b8   0x080065b8   0x00000038   Code   RO          240    i.mpu_get_lpf       inv_mpu.o
    0x080065f0   0x080065f0   0x0000001c   Code   RO          242    i.mpu_get_sample_rate  inv_mpu.o
    0x0800660c   0x0800660c   0x00000188   Code   RO          244    i.mpu_init          inv_mpu.o
    0x08006794   0x08006794   0x000000a0   Code   RO          245    i.mpu_load_firmware  inv_mpu.o
    0x08006834   0x08006834   0x000000b8   Code   RO          246    i.mpu_lp_accel_mode  inv_mpu.o
    0x080068ec   0x080068ec   0x00000090   Code   RO          249    i.mpu_read_fifo_stream  inv_mpu.o
    0x0800697c   0x0800697c   0x00000054   Code   RO          250    i.mpu_read_mem      inv_mpu.o
    0x080069d0   0x080069d0   0x00000160   Code   RO          253    i.mpu_reset_fifo    inv_mpu.o
    0x08006b30   0x08006b30   0x000000f0   Code   RO          254    i.mpu_run_self_test  inv_mpu.o
    0x08006c20   0x08006c20   0x00000068   Code   RO          256    i.mpu_set_accel_fsr  inv_mpu.o
    0x08006c88   0x08006c88   0x000000dc   Code   RO          257    i.mpu_set_bypass    inv_mpu.o
    0x08006d64   0x08006d64   0x00000078   Code   RO          259    i.mpu_set_dmp_state  inv_mpu.o
    0x08006ddc   0x08006ddc   0x0000006c   Code   RO          260    i.mpu_set_gyro_fsr  inv_mpu.o
    0x08006e48   0x08006e48   0x00000064   Code   RO          261    i.mpu_set_int_latched  inv_mpu.o
    0x08006eac   0x08006eac   0x0000006c   Code   RO          263    i.mpu_set_lpf       inv_mpu.o
    0x08006f18   0x08006f18   0x00000080   Code   RO          264    i.mpu_set_sample_rate  inv_mpu.o
    0x08006f98   0x08006f98   0x000000b8   Code   RO          265    i.mpu_set_sensors   inv_mpu.o
    0x08007050   0x08007050   0x00000054   Code   RO          266    i.mpu_write_mem     inv_mpu.o
    0x080070a4   0x080070a4   0x00000050   Code   RO          768    i.readMux1          main.o
    0x080070f4   0x080070f4   0x00000050   Code   RO          769    i.readMux2          main.o
    0x08007144   0x08007144   0x00000088   Code   RO          267    i.run_self_test     inv_mpu.o
    0x080071cc   0x080071cc   0x00000058   Code   RO          268    i.set_int_enable    inv_mpu.o
    0x08007224   0x08007224   0x0000006e   Code   RO         4108    i.sqrt              m_wm.l(sqrt.o)
    0x08007292   0x08007292   0x00000002   PAD
    0x08007294   0x08007294   0x00000020   Code   RO         3516    i.uart3_receiver_clear  esp8266.o
    0x080072b4   0x080072b4   0x0000001b   Data   RO          270    .constdata          inv_mpu.o
    0x080072cf   0x080072cf   0x00000001   PAD
    0x080072d0   0x080072d0   0x0000000c   Data   RO          271    .constdata          inv_mpu.o
    0x080072dc   0x080072dc   0x00000028   Data   RO          272    .constdata          inv_mpu.o
    0x08007304   0x08007304   0x00000bf6   Data   RO          601    .constdata          inv_mpu_dmp_motion_driver.o
    0x08007efa   0x08007efa   0x00000002   PAD
    0x08007efc   0x08007efc   0x00000220   Data   RO          774    .constdata          main.o
    0x0800811c   0x0800811c   0x00000010   Data   RO         1170    .constdata          system_stm32f4xx.o
    0x0800812c   0x0800812c   0x00000008   Data   RO         1171    .constdata          system_stm32f4xx.o
    0x08008134   0x08008134   0x00000008   Data   RO         2000    .constdata          stm32f4xx_hal_dma.o
    0x0800813c   0x0800813c   0x00000004   PAD
    0x08008140   0x08008140   0x00000050   Data   RO         3744    .constdata          m_wm.l(asin.o)
    0x08008190   0x08008190   0x00000098   Data   RO         4070    .constdata          m_wm.l(atan.o)
    0x08008228   0x08008228   0x00000008   Data   RO         4105    .constdata          m_wm.l(qnan.o)
    0x08008230   0x08008230   0x0000004d   Data   RO          273    .conststring        inv_mpu.o
    0x0800827d   0x0800827d   0x00000003   PAD
    0x08008280   0x08008280   0x000004da   Data   RO         3519    .conststring        esp8266.o
    0x0800875a   0x0800875a   0x00000002   PAD
    0x0800875c   0x0800875c   0x00000020   Data   RO         4180    Region$$Table       anon$$obj.o


    Execution Region RW_IRAM1 (Exec base: 0x20000000, Load base: 0x0800877c, Size: 0x000008f0, Max: 0x00020000, ABSOLUTE)

    Exec Addr    Load Addr    Size         Type   Attr      Idx    E Section Name        Object

    0x20000000   0x0800877c   0x00000035   Data   RW          274    .data               inv_mpu.o
    0x20000035   0x080087b1   0x00000003   PAD
    0x20000038   0x080087b4   0x00000020   Data   RW          775    .data               main.o
    0x20000058   0x080087d4   0x00000004   Data   RW         1172    .data               system_stm32f4xx.o
    0x2000005c   0x080087d8   0x0000000c   Data   RW         2422    .data               stm32f4xx_hal.o
    0x20000068   0x080087e4   0x0000000a   Data   RW         3520    .data               esp8266.o
    0x20000072   0x080087ee   0x00000002   PAD
    0x20000074   0x080087f0   0x00000004   Data   RW         4134    .data               mc_w.l(stdout.o)
    0x20000078   0x080087f4   0x00000004   Data   RW         4146    .data               mc_w.l(errno.o)
    0x2000007c        -       0x00000010   Zero   RW          600    .bss                inv_mpu_dmp_motion_driver.o
    0x2000008c   0x080087f8   0x00000004   PAD
    0x20000090        -       0x000000c0   Zero   RW          770    .bss                main.o
    0x20000150        -       0x000000cc   Zero   RW          926    .bss                adc.o
    0x2000021c        -       0x00000054   Zero   RW          963    .bss                i2c.o
    0x20000270        -       0x00000080   Zero   RW         1008    .bss                usart.o
    0x200002f0        -       0x00000200   Zero   RW         3518    .bss                esp8266.o
    0x200004f0        -       0x00000400   Zero   RW            1    STACK               startup_stm32f407xx.o


==============================================================================

Image component sizes


      Code (inc. data)   RO Data    RW Data    ZI Data      Debug   Object Name

       382         34          0          0        204       2279   adc.o
      2268        918       1242         10        512       8979   esp8266.o
       124          8          0          0          0        875   gpio.o
       172         28          0          0         84       1537   i2c.o
      5312        304        156         53          0      31254   inv_mpu.o
      2442        134       3062          0         16      20094   inv_mpu_dmp_motion_driver.o
      1170        132        544         32        192       5916   main.o
       574         40          0          0          0     685593   mpu6050.o
        36          8        392          0       1024        808   startup_stm32f407xx.o
       188         30          0         12          0       9193   stm32f4xx_hal.o
      1278         54          0          0          0       7699   stm32f4xx_hal_adc.o
       208         16          0          0          0      33531   stm32f4xx_hal_cortex.o
       692         14          8          0          0       6057   stm32f4xx_hal_dma.o
       614         20          0          0          0       2472   stm32f4xx_hal_gpio.o
      2796         48          0          0          0      13286   stm32f4xx_hal_i2c.o
        48          6          0          0          0        778   stm32f4xx_hal_msp.o
      1706        102          0          0          0       6308   stm32f4xx_hal_rcc.o
      1514         18          0          0          0       9879   stm32f4xx_hal_uart.o
        32          6          0          0          0       4286   stm32f4xx_it.o
        28          6         24          4          0       1047   system_stm32f4xx.o
       320         42          0          0        128       2715   usart.o

    ----------------------------------------------------------------------
     21942       1968       5472        116       2164     854586   Object Totals
         0          0         32          0          0          0   (incl. Generated)
        38          0         12          5          4          0   (incl. Padding)

    ----------------------------------------------------------------------

      Code (inc. data)   RO Data    RW Data    ZI Data      Debug   Library Member Name

       864         94         80          0          0        280   asin.o
       744        106        152          0          0        352   atan.o
       512         64          0          0          0        208   atan2.o
       104         16          0          0          0        496   dunder.o
        24          0          0          0          0        124   fabs.o
        48          0          0          0          0        124   fpclassify.o
       248          0          0          0          0        152   poly.o
         0          0          8          0          0          0   qnan.o
       110          0          0          0          0        148   sqrt.o
         0          0          0          0          0          0   entry.o
         0          0          0          0          0          0   entry10a.o
         0          0          0          0          0          0   entry11a.o
         4          0          0          0          0          0   entry12b.o
         8          4          0          0          0          0   entry2.o
         4          0          0          0          0          0   entry5.o
         0          0          0          0          0          0   entry7b.o
         0          0          0          0          0          0   entry8b.o
         8          4          0          0          0          0   entry9a.o
        12          6          0          4          0         68   errno.o
        30          0          0          0          0          0   handlers.o
        36          8          0          0          0         68   init.o
         0          0          0          0          0          0   iusefp.o
        98          0          0          0          0         84   ldiv.o
        30          0          0          0          0         68   llshl.o
        36          0          0          0          0         68   llsshr.o
        32          0          0          0          0         68   llushr.o
        26          0          0          0          0         80   memcmp.o
        36          0          0          0          0         68   memcpya.o
        36          0          0          0          0        108   memseta.o
      2268         96          0          0          0        616   printfa.o
         0          0          0          4          0          0   stdout.o
        14          0          0          0          0         68   strlen.o
        36          0          0          0          0         80   strstr.o
        44          0          0          0          0         80   uidiv.o
        98          0          0          0          0         92   uldiv.o
        48          0          0          0          0         68   cdcmple.o
        48          0          0          0          0         68   cdrcmple.o
        56          0          0          0          0         88   d2f.o
       334          0          0          0          0        148   dadd.o
       222          0          0          0          0        100   ddiv.o
       186          0          0          0          0        176   depilogue.o
        48          0          0          0          0         68   dfixul.o
        34          0          0          0          0         76   dflti.o
       228          0          0          0          0         96   dmul.o
       162          0          0          0          0        100   dsqrt.o
        38          0          0          0          0         68   f2d.o
       110          0          0          0          0        168   fepilogue.o

    ----------------------------------------------------------------------
      7030        398        240          8          0       4724   Library Totals
         6          0          0          0          0          0   (incl. Padding)

    ----------------------------------------------------------------------

      Code (inc. data)   RO Data    RW Data    ZI Data      Debug   Library Name

      2654        280        240          0          0       1884   m_wm.l
      2856        118          0          8          0       1616   mc_w.l
      1514          0          0          0          0       1224   mf_w.l

    ----------------------------------------------------------------------
      7030        398        240          8          0       4724   Library Totals

    ----------------------------------------------------------------------

==============================================================================


      Code (inc. data)   RO Data    RW Data    ZI Data      Debug   

     28972       2366       5712        124       2164     841906   Grand Totals
     28972       2366       5712        124       2164     841906   ELF Image Totals
     28972       2366       5712        124          0          0   ROM Totals

==============================================================================

    Total RO  Size (Code + RO Data)                34684 (  33.87kB)
    Total RW  Size (RW Data + ZI Data)              2288 (   2.23kB)
    Total ROM Size (Code + RO Data + RW Data)      34808 (  33.99kB)

==============================================================================

