<html>
<body>
<pre>
<h1>µVision Build Log</h1>
<h2>Tool Versions:</h2>
IDE-Version: ¦ÌVision V5.36.0.0
Copyright (C) 2021 ARM Ltd and ARM Germany GmbH. All rights reserved.
License Information: sfl SFL, sfl, LIC=NQQMA-1G0GV-567Q2-9WCBB-NC0LC-20JJ0
 
Tool Versions:
Toolchain:       MDK-ARM Plus  Version: 5.36.0.0
Toolchain Path:  D:\MDK5\ARM\ARMCC\Bin
C Compiler:      Armcc.exe V5.06 update 7 (build 960)
Assembler:       Armasm.exe V5.06 update 7 (build 960)
Linker/Locator:  ArmLink.exe V5.06 update 7 (build 960)
Library Manager: ArmAr.exe V5.06 update 7 (build 960)
Hex Converter:   FromElf.exe V5.06 update 7 (build 960)
CPU DLL:         SARMCM3.DLL V5.36.0.0
Dialog DLL:      DCM.DLL V1.17.3.0
Target DLL:      CMSIS_AGDI.dll V1.33.0.0
Dialog DLL:      TCM.DLL V1.53.0.0
 
<h2>Project:</h2>
D:\830\SFL\MDK-ARM\ANGLE.uvprojx
Project File Date:  04/16/2025

<h2>Output:</h2>
*** Using Compiler 'V5.06 update 7 (build 960)', folder: 'D:\MDK5\ARM\ARMCC\Bin'
Rebuild target 'ANGLE'
assembling startup_stm32f407xx.s...
compiling adc.c...
compiling stm32f4xx_hal_msp.c...
compiling stm32f4xx_it.c...
compiling mpu6050.c...
..\HARDWARE\MPU6050\mpu6050.c(178): warning:  #1-D: last line of file ends without a newline
  }
..\HARDWARE\MPU6050\mpu6050.c: 1 warning, 0 errors
compiling gpio.c...
compiling i2c.c...
compiling main.c...
..\ESP8266\esp8266.h(68): warning:  #1-D: last line of file ends without a newline
  //}
../Src/main.c(122): warning:  #188-D: enumerated type mixed with another type
  	   HAL_GPIO_WritePin(GPIOD,controlpin[i],muxChannel[channel][i]);
../Src/main.c(169): warning:  #188-D: enumerated type mixed with another type
  	   HAL_GPIO_WritePin(GPIOC,controlpin[i],muxChannel[channel][i]);
../Src/main.c(354): warning:  #1035-D: single-precision operand implicitly converted to double-precision
  			temp =  temp /340.0+36.53-20;
../Src/main.c: 4 warnings, 0 errors
compiling system_stm32f4xx.c...
compiling inv_mpu.c...
compiling usart.c...
compiling inv_mpu_dmp_motion_driver.c...
compiling stm32f4xx_hal_adc_ex.c...
compiling stm32f4xx_hal_flash_ramfunc.c...
compiling stm32f4xx_hal_adc.c...
compiling stm32f4xx_hal_flash.c...
compiling stm32f4xx_hal_flash_ex.c...
compiling stm32f4xx_hal_gpio.c...
compiling stm32f4xx_hal_dma.c...
compiling stm32f4xx_hal_rcc_ex.c...
compiling stm32f4xx_hal_pwr.c...
compiling stm32f4xx_hal_rcc.c...
compiling stm32f4xx_hal_dma_ex.c...
compiling core_json.c...
..\ESP8266\core_json.c(193): warning:  #186-D: pointless comparison of unsigned integer with zero
      assert( buf[ i ] < '\0' );
..\ESP8266\core_json.c(193): warning:  #186-D: pointless comparison of unsigned integer with zero
      assert( buf[ i ] < '\0' );
..\ESP8266\core_json.c(255): warning:  #186-D: pointless comparison of unsigned integer with zero
          if( buf[ *start ] >= '\0' )
..\ESP8266\core_json.c(471): warning:  #186-D: pointless comparison of unsigned integer with zero
                  if( iscntrl_( c ) )
..\ESP8266\core_json.c(531): warning:  #186-D: pointless comparison of unsigned integer with zero
              else if( iscntrl_( buf[ i ] ) )
..\ESP8266\core_json.c: 5 warnings, 0 errors
compiling stm32f4xx_hal_pwr_ex.c...
compiling stm32f4xx_hal_cortex.c...
compiling stm32f4xx_hal.c...
compiling stm32f4xx_hal_exti.c...
compiling esp8266.c...
..\ESP8266\esp8266.h(68): warning:  #1-D: last line of file ends without a newline
  //}
..\ESP8266\esp8266.c: 1 warning, 0 errors
compiling stm32f4xx_hal_i2c_ex.c...
compiling stm32f4xx_hal_tim.c...
compiling stm32f4xx_hal_tim_ex.c...
compiling stm32f4xx_hal_uart.c...
compiling stm32f4xx_hal_i2c.c...
linking...
Program Size: Code=28972 RO-data=5712 RW-data=124 ZI-data=2164  
FromELF: creating hex file...
"ANGLE\ANGLE.axf" - 0 Error(s), 11 Warning(s).

<h2>Software Packages used:</h2>

Package Vendor: ARM
                http://www.keil.com/pack/ARM.CMSIS.5.8.0.pack
                ARM.CMSIS.5.8.0
                CMSIS (Common Microcontroller Software Interface Standard)
   * Component: CORE Version: 5.5.0

Package Vendor: Keil
                http://www.keil.com/pack/Keil.STM32F4xx_DFP.2.15.0.pack
                Keil.STM32F4xx_DFP.2.15.0
                STMicroelectronics STM32F4 Series Device Support, Drivers and Examples

<h2>Collection of Component include folders:</h2>
  .\RTE\_ANGLE
  D:\MDK5\ARM\ARM\CMSIS\5.8.0\CMSIS\Core\Include
  D:\MDK5\ARM\Keil\STM32F4xx_DFP\2.15.0\Drivers\CMSIS\Device\ST\STM32F4xx\Include

<h2>Collection of Component Files used:</h2>

   * Component: ARM::CMSIS:CORE:5.5.0
Build Time Elapsed:  00:01:14
</pre>
</body>
</html>
